../Middlewares/ST/touchgfx/framework/include/touchgfx/Drawable.hpp:515:10:void touchgfx::Drawable::setVisible(bool)	16	static
../Middlewares/ST/touchgfx/framework/include/touchgfx/Drawable.hpp:561:15:touchgfx::Drawable* touchgfx::Drawable::getParent() const	16	static
../Middlewares/ST/touchgfx/framework/include/touchgfx/Screen.hpp:104:18:virtual void touchgfx::Screen::afterTransition()	16	static
../Middlewares/ST/touchgfx/framework/include/touchgfx/Screen.hpp:115:18:virtual void touchgfx::Screen::tearDownScreen()	16	static
../Middlewares/ST/touchgfx/framework/include/touchgfx/Screen.hpp:154:18:virtual void touchgfx::Screen::handleKeyEvent(uint8_t)	16	static
../TouchGFX/generated/gui_generated/include/gui_generated/dispense_screen/DispenseViewBase.hpp:44:26:FrontendApplication& DispenseViewBase::application()	16	static
../TouchGFX/gui/include/gui/dispense_screen/DispenseView.hpp:13:13:DispenseView::~DispenseView()	16	static
../TouchGFX/gui/include/gui/dispense_screen/DispenseView.hpp:13:13:virtual DispenseView::~DispenseView()	16	static
../TouchGFX/gui/src/dispense_screen/DispenseView.cpp:4:1:DispenseView::DispenseView()	16	static
../TouchGFX/gui/src/dispense_screen/DispenseView.cpp:10:6:virtual void DispenseView::setupScreen()	16	static
../TouchGFX/gui/src/dispense_screen/DispenseView.cpp:16:6:virtual void DispenseView::tearDownScreen()	16	static
../TouchGFX/gui/src/dispense_screen/DispenseView.cpp:22:22:touchgfx::Container* DispenseView::getPageContainerForIndex(int)	16	static
../TouchGFX/gui/src/dispense_screen/DispenseView.cpp:35:6:void DispenseView::updateVisiblePages()	40	static
../TouchGFX/gui/src/dispense_screen/DispenseView.cpp:129:6:void DispenseView::populateWidgetBuffer(int, touchgfx::TextAreaWithOneWildcard&, touchgfx::TextArea&, touchgfx::TextArea&, touchgfx::Container&)	32	static
../TouchGFX/gui/src/dispense_screen/DispenseView.cpp:154:6:virtual void DispenseView::handleTickEvent()	24	static
../TouchGFX/gui/src/dispense_screen/DispenseView.cpp:168:6:void DispenseView::requestDataLoad()	16	static
../TouchGFX/gui/src/dispense_screen/DispenseView.cpp:175:6:void DispenseView::displayData(const ChemicalRecipe_t&, const std::vector<int>&, int8_t)	48	static
../TouchGFX/gui/src/dispense_screen/DispenseView.cpp:258:6:virtual void DispenseView::lightButtonClicked()	16	static
../TouchGFX/gui/src/dispense_screen/DispenseView.cpp:267:6:virtual void DispenseView::mediumButtonClicked()	16	static
../TouchGFX/gui/src/dispense_screen/DispenseView.cpp:274:6:virtual void DispenseView::heavyButtonClicked()	16	static
