../Middlewares/ST/touchgfx/framework/include/touchgfx/hal/Types.hpp:91:5:touchgfx::colortype::colortype(uint32_t)	16	static
../Middlewares/ST/touchgfx/framework/include/touchgfx/hal/Types.hpp:140:5:touchgfx::Rect::Rect(int16_t, int16_t, int16_t, int16_t)	24	static
../Middlewares/ST/touchgfx/framework/include/touchgfx/Screen.hpp:104:18:virtual void touchgfx::Screen::afterTransition()	16	static
../Middlewares/ST/touchgfx/framework/include/touchgfx/Screen.hpp:115:18:virtual void touchgfx::Screen::tearDownScreen()	16	static
../Middlewares/ST/touchgfx/framework/include/touchgfx/Screen.hpp:144:18:virtual void touchgfx::Screen::handleTickEvent()	16	static
../Middlewares/ST/touchgfx/framework/include/touchgfx/Screen.hpp:154:18:virtual void touchgfx::Screen::handleKeyEvent(uint8_t)	16	static
../Middlewares/ST/touchgfx/framework/include/touchgfx/TypedText.hpp:59:5:touchgfx::TypedText::TypedText(touchgfx::TypedTextId)	16	static
../Middlewares/ST/touchgfx/framework/include/touchgfx/TypedText.hpp:65:13:touchgfx::TypedText::~TypedText()	16	static
../Middlewares/ST/touchgfx/framework/include/touchgfx/TypedText.hpp:65:13:virtual touchgfx::TypedText::~TypedText()	16	static
../TouchGFX/gui/include/gui/homescreen_screen/HomeScreenView.hpp:12:13:HomeScreenView::~HomeScreenView()	16	static
../TouchGFX/gui/include/gui/homescreen_screen/HomeScreenView.hpp:12:13:virtual HomeScreenView::~HomeScreenView()	16	static
../TouchGFX/gui/src/homescreen_screen/HomeScreenView.cpp:4:1:HomeScreenView::HomeScreenView()	16	static
../TouchGFX/gui/src/homescreen_screen/HomeScreenView.cpp:9:6:virtual void HomeScreenView::setupScreen()	16	static
../TouchGFX/gui/src/homescreen_screen/HomeScreenView.cpp:14:6:virtual void HomeScreenView::tearDownScreen()	16	static
../TouchGFX/gui/src/homescreen_screen/HomeScreenView.cpp:17:1:void __static_initialization_and_destruction_0()	24	static
../Middlewares/ST/touchgfx/framework/include/touchgfx/widgets/Keyboard.hpp:74:12:touchgfx::Keyboard::Layout::~Layout()	16	static
../TouchGFX/gui/src/homescreen_screen/HomeScreenView.cpp:17:1:void __static_initialization_and_destruction_1()	8	static
../TouchGFX/gui/src/homescreen_screen/HomeScreenView.cpp:17:1:cpp)	8	static
../TouchGFX/gui/src/homescreen_screen/HomeScreenView.cpp:17:1:cpp)	8	static
