../Middlewares/ST/touchgfx/framework/include/mvp/Presenter.hpp:37:18:virtual void touchgfx::Presenter::activate()	16	static
../Middlewares/ST/touchgfx/framework/include/mvp/Presenter.hpp:47:18:virtual void touchgfx::Presenter::deactivate()	16	static
../Middlewares/ST/touchgfx/framework/include/mvp/Presenter.hpp:52:13:touchgfx::Presenter::~Presenter()	16	static
../Middlewares/ST/touchgfx/framework/include/mvp/Presenter.hpp:52:13:virtual touchgfx::Presenter::~Presenter()	16	static
../Middlewares/ST/touchgfx/framework/include/mvp/Presenter.hpp:58:5:touchgfx::Presenter::Presenter()	16	static
../TouchGFX/gui/include/gui/model/ModelListener.hpp:9:5:ModelListener::ModelListener()	16	static
../TouchGFX/gui/include/gui/model/ModelListener.hpp:11:13:ModelListener::~ModelListener()	16	static
../TouchGFX/gui/include/gui/model/ModelListener.hpp:11:13:virtual ModelListener::~ModelListener()	16	static
../TouchGFX/gui/include/gui/cleansystem_screen/CleanSystemPresenter.hpp:28:13:CleanSystemPresenter::~CleanSystemPresenter()	16	static
../TouchGFX/gui/include/gui/cleansystem_screen/CleanSystemPresenter.hpp:28:13:virtual CleanSystemPresenter::~CleanSystemPresenter()	16	static
../TouchGFX/gui/src/cleansystem_screen/CleanSystemPresenter.cpp:11:1:CleanSystemPresenter::CleanSystemPresenter(CleanSystemView&)	16	static
../TouchGFX/gui/src/cleansystem_screen/CleanSystemPresenter.cpp:17:6:virtual void CleanSystemPresenter::activate()	16	static
../TouchGFX/gui/src/cleansystem_screen/CleanSystemPresenter.cpp:22:6:virtual void CleanSystemPresenter::deactivate()	16	static
../TouchGFX/gui/src/cleansystem_screen/CleanSystemPresenter.cpp:27:6:void CleanSystemPresenter::checkScaleStatus()	32	static
../TouchGFX/gui/src/cleansystem_screen/CleanSystemPresenter.cpp:48:6:void CleanSystemPresenter::startFlush()	16	static
../TouchGFX/gui/src/cleansystem_screen/CleanSystemPresenter.cpp:53:6:void CleanSystemPresenter::stopFlush()	16	static
