../Middlewares/ST/touchgfx/framework/include/touchgfx/hal/Types.hpp:91:5:touchgfx::colortype::colortype(uint32_t)	16	static
../Middlewares/ST/touchgfx/framework/include/touchgfx/hal/Types.hpp:140:5:touchgfx::Rect::Rect(int16_t, int16_t, int16_t, int16_t)	24	static
../Middlewares/ST/touchgfx/framework/include/mvp/Presenter.hpp:37:18:virtual void touchgfx::Presenter::activate()	16	static
../Middlewares/ST/touchgfx/framework/include/mvp/Presenter.hpp:47:18:virtual void touchgfx::Presenter::deactivate()	16	static
../Middlewares/ST/touchgfx/framework/include/mvp/Presenter.hpp:52:13:touchgfx::Presenter::~Presenter()	16	static
../Middlewares/ST/touchgfx/framework/include/mvp/Presenter.hpp:52:13:virtual touchgfx::Presenter::~Presenter()	16	static
../Middlewares/ST/touchgfx/framework/include/mvp/Presenter.hpp:58:5:touchgfx::Presenter::Presenter()	16	static
../TouchGFX/gui/include/gui/model/ModelListener.hpp:9:5:ModelListener::ModelListener()	16	static
../TouchGFX/gui/include/gui/model/ModelListener.hpp:11:13:ModelListener::~ModelListener()	16	static
../TouchGFX/gui/include/gui/model/ModelListener.hpp:11:13:virtual ModelListener::~ModelListener()	16	static
../Middlewares/ST/touchgfx/framework/include/touchgfx/TypedText.hpp:59:5:touchgfx::TypedText::TypedText(touchgfx::TypedTextId)	16	static
../Middlewares/ST/touchgfx/framework/include/touchgfx/TypedText.hpp:65:13:touchgfx::TypedText::~TypedText()	16	static
../Middlewares/ST/touchgfx/framework/include/touchgfx/TypedText.hpp:65:13:virtual touchgfx::TypedText::~TypedText()	16	static
../TouchGFX/gui/include/gui/pumpsetupscreen_screen/PumpSetupScreenPresenter.hpp:29:13:PumpSetupScreenPresenter::~PumpSetupScreenPresenter()	16	static
../TouchGFX/gui/include/gui/pumpsetupscreen_screen/PumpSetupScreenPresenter.hpp:29:13:virtual PumpSetupScreenPresenter::~PumpSetupScreenPresenter()	16	static
../TouchGFX/gui/src/pumpsetupscreen_screen/PumpSetupScreenPresenter.cpp:6:1:PumpSetupScreenPresenter::PumpSetupScreenPresenter(PumpSetupScreenView&)	16	static
../TouchGFX/gui/src/pumpsetupscreen_screen/PumpSetupScreenPresenter.cpp:12:6:virtual void PumpSetupScreenPresenter::activate()	16	static
../TouchGFX/gui/src/pumpsetupscreen_screen/PumpSetupScreenPresenter.cpp:17:6:virtual void PumpSetupScreenPresenter::deactivate()	16	static
../TouchGFX/gui/src/pumpsetupscreen_screen/PumpSetupScreenPresenter.cpp:23:6:void PumpSetupScreenPresenter::pumpToggledHandler(int8_t)	24	static
../TouchGFX/gui/src/pumpsetupscreen_screen/PumpSetupScreenPresenter.cpp:37:6:void PumpSetupScreenPresenter::densityFieldClicked(int8_t)	16	static
../TouchGFX/gui/src/pumpsetupscreen_screen/PumpSetupScreenPresenter.cpp:45:6:void PumpSetupScreenPresenter::newDensityEntered(int8_t, const char*)	40	static
../TouchGFX/gui/src/pumpsetupscreen_screen/PumpSetupScreenPresenter.cpp:64:1:void __static_initialization_and_destruction_0()	24	static
../Middlewares/ST/touchgfx/framework/include/touchgfx/widgets/Keyboard.hpp:74:12:touchgfx::Keyboard::Layout::~Layout()	16	static
../TouchGFX/gui/src/pumpsetupscreen_screen/PumpSetupScreenPresenter.cpp:64:1:void __static_initialization_and_destruction_1()	8	static
../TouchGFX/gui/src/pumpsetupscreen_screen/PumpSetupScreenPresenter.cpp:64:1:cpp)	8	static
../TouchGFX/gui/src/pumpsetupscreen_screen/PumpSetupScreenPresenter.cpp:64:1:cpp)	8	static
