2025-08-02 14:39:10,486 [ERROR] LogOutputStream:75 - [STDERR_REDIRECT] Error while informing user about event loop exception:
2025-08-02 14:39:10,503 [ERROR] LogOutputStream:75 - [STDERR_REDIRECT] org.eclipse.swt.SWTError: No more handles
2025-08-02 14:39:10,504 [ERROR] LogOutputStream:75 - [STDERR_REDIRECT] 	at org.eclipse.swt.SWT.error(SWT.java:4948)
2025-08-02 14:39:10,504 [ERROR] LogOutputStream:75 - [STDERR_REDIRECT] 	at org.eclipse.swt.SWT.error(SWT.java:4837)
2025-08-02 14:39:10,504 [ERROR] LogOutputStream:75 - [STDERR_REDIRECT] 	at org.eclipse.swt.SWT.error(SWT.java:4808)
2025-08-02 14:39:10,505 [ERROR] LogOutputStream:75 - [STDERR_REDIRECT] 	at org.eclipse.swt.widgets.Widget.error(Widget.java:500)
2025-08-02 14:39:10,505 [ERROR] LogOutputStream:75 - [STDERR_REDIRECT] 	at org.eclipse.swt.widgets.Control.internal_new_GC(Control.java:1734)
2025-08-02 14:39:10,506 [ERROR] LogOutputStream:75 - [STDERR_REDIRECT] 	at org.eclipse.swt.graphics.GC.win32_new(GC.java:5101)
2025-08-02 14:39:10,507 [ERROR] LogOutputStream:75 - [STDERR_REDIRECT] 	at org.eclipse.swt.widgets.Composite.WM_PAINT(Composite.java:1556)
2025-08-02 14:39:10,507 [ERROR] LogOutputStream:75 - [STDERR_REDIRECT] 	at org.eclipse.swt.widgets.Control.windowProc(Control.java:4784)
2025-08-02 14:39:10,508 [ERROR] LogOutputStream:75 - [STDERR_REDIRECT] 	at org.eclipse.swt.widgets.Canvas.windowProc(Canvas.java:342)
2025-08-02 14:39:10,508 [ERROR] LogOutputStream:75 - [STDERR_REDIRECT] 	at org.eclipse.swt.widgets.Display.windowProc(Display.java:5091)
2025-08-02 14:39:10,509 [ERROR] LogOutputStream:75 - [STDERR_REDIRECT] 	at org.eclipse.swt.internal.win32.OS.DispatchMessage(Native Method)
2025-08-02 14:39:10,509 [ERROR] LogOutputStream:75 - [STDERR_REDIRECT] 	at org.eclipse.swt.widgets.Display.readAndDispatch(Display.java:3710)
2025-08-02 14:39:10,510 [ERROR] LogOutputStream:75 - [STDERR_REDIRECT] 	at org.eclipse.e4.ui.internal.workbench.swt.PartRenderingEngine$5.run(PartRenderingEngine.java:1151)
2025-08-02 14:39:10,511 [ERROR] LogOutputStream:75 - [STDERR_REDIRECT] 	at org.eclipse.core.databinding.observable.Realm.runWithDefault(Realm.java:339)
2025-08-02 14:39:10,511 [ERROR] LogOutputStream:75 - [STDERR_REDIRECT] 	at org.eclipse.e4.ui.internal.workbench.swt.PartRenderingEngine.run(PartRenderingEngine.java:1042)
2025-08-02 14:39:10,512 [ERROR] LogOutputStream:75 - [STDERR_REDIRECT] 	at org.eclipse.e4.ui.internal.workbench.E4Workbench.createAndRunUI(E4Workbench.java:153)
2025-08-02 14:39:10,513 [ERROR] LogOutputStream:75 - [STDERR_REDIRECT] 	at org.eclipse.ui.internal.Workbench.lambda$3(Workbench.java:639)
2025-08-02 14:39:10,514 [ERROR] LogOutputStream:75 - [STDERR_REDIRECT] 	at org.eclipse.core.databinding.observable.Realm.runWithDefault(Realm.java:339)
2025-08-02 14:39:10,515 [ERROR] LogOutputStream:75 - [STDERR_REDIRECT] 	at org.eclipse.ui.internal.Workbench.createAndRunWorkbench(Workbench.java:546)
2025-08-02 14:39:10,515 [ERROR] LogOutputStream:75 - [STDERR_REDIRECT] 	at org.eclipse.ui.PlatformUI.createAndRunWorkbench(PlatformUI.java:173)
2025-08-02 14:39:10,516 [ERROR] LogOutputStream:75 - [STDERR_REDIRECT] 	at org.eclipse.ui.internal.ide.application.IDEApplication.start(IDEApplication.java:152)
2025-08-02 14:39:10,517 [ERROR] LogOutputStream:75 - [STDERR_REDIRECT] 	at org.eclipse.equinox.internal.app.EclipseAppHandle.run(EclipseAppHandle.java:208)
2025-08-02 14:39:10,518 [ERROR] LogOutputStream:75 - [STDERR_REDIRECT] 	at org.eclipse.core.runtime.internal.adaptor.EclipseAppLauncher.runApplication(EclipseAppLauncher.java:143)
2025-08-02 14:39:10,519 [ERROR] LogOutputStream:75 - [STDERR_REDIRECT] 	at org.eclipse.core.runtime.internal.adaptor.EclipseAppLauncher.start(EclipseAppLauncher.java:109)
2025-08-02 14:39:10,520 [ERROR] LogOutputStream:75 - [STDERR_REDIRECT] 	at org.eclipse.core.runtime.adaptor.EclipseStarter.run(EclipseStarter.java:439)
2025-08-02 14:39:10,521 [ERROR] LogOutputStream:75 - [STDERR_REDIRECT] 	at org.eclipse.core.runtime.adaptor.EclipseStarter.run(EclipseStarter.java:271)
2025-08-02 14:39:10,522 [ERROR] LogOutputStream:75 - [STDERR_REDIRECT] 	at java.base/jdk.internal.reflect.DirectMethodHandleAccessor.invoke(DirectMethodHandleAccessor.java:103)
2025-08-02 14:39:10,523 [ERROR] LogOutputStream:75 - [STDERR_REDIRECT] 	at java.base/java.lang.reflect.Method.invoke(Method.java:580)
2025-08-02 14:39:10,524 [ERROR] LogOutputStream:75 - [STDERR_REDIRECT] 	at org.eclipse.equinox.launcher.Main.invokeFramework(Main.java:668)
2025-08-02 14:39:10,525 [ERROR] LogOutputStream:75 - [STDERR_REDIRECT] 	at org.eclipse.equinox.launcher.Main.basicRun(Main.java:605)
2025-08-02 14:39:10,525 [ERROR] LogOutputStream:75 - [STDERR_REDIRECT] 	at org.eclipse.equinox.launcher.Main.run(Main.java:1481)
2025-08-02 14:39:10,526 [ERROR] LogOutputStream:75 - [STDERR_REDIRECT] Dialog open exception:
2025-08-02 14:39:10,526 [ERROR] LogOutputStream:75 - [STDERR_REDIRECT] org.eclipse.swt.SWTError: No more handles
2025-08-02 14:39:10,527 [ERROR] LogOutputStream:75 - [STDERR_REDIRECT] 	at org.eclipse.swt.SWT.error(SWT.java:4948)
2025-08-02 14:39:10,527 [ERROR] LogOutputStream:75 - [STDERR_REDIRECT] 	at org.eclipse.swt.SWT.error(SWT.java:4837)
2025-08-02 14:39:10,528 [ERROR] LogOutputStream:75 - [STDERR_REDIRECT] 	at org.eclipse.swt.SWT.error(SWT.java:4808)
2025-08-02 14:39:10,529 [ERROR] LogOutputStream:75 - [STDERR_REDIRECT] 	at org.eclipse.swt.widgets.Display.error(Display.java:1311)
2025-08-02 14:39:10,529 [ERROR] LogOutputStream:75 - [STDERR_REDIRECT] 	at org.eclipse.swt.widgets.Display.internal_new_GC(Display.java:2768)
2025-08-02 14:39:10,530 [ERROR] LogOutputStream:75 - [STDERR_REDIRECT] 	at org.eclipse.swt.graphics.Device.getDepth(Device.java:493)
2025-08-02 14:39:10,530 [ERROR] LogOutputStream:75 - [STDERR_REDIRECT] 	at org.eclipse.swt.widgets.Display.getIconDepth(Display.java:1942)
2025-08-02 14:39:10,531 [ERROR] LogOutputStream:75 - [STDERR_REDIRECT] 	at org.eclipse.swt.widgets.Decorations.setImages(Decorations.java:895)
2025-08-02 14:39:10,532 [ERROR] LogOutputStream:75 - [STDERR_REDIRECT] 	at org.eclipse.swt.widgets.Decorations.setImages(Decorations.java:983)
2025-08-02 14:39:10,532 [ERROR] LogOutputStream:75 - [STDERR_REDIRECT] 	at org.eclipse.jface.window.Window.configureShell(Window.java:373)
2025-08-02 14:39:10,533 [ERROR] LogOutputStream:75 - [STDERR_REDIRECT] 	at org.eclipse.jface.dialogs.MessageDialog.configureShell(MessageDialog.java:279)
2025-08-02 14:39:10,533 [ERROR] LogOutputStream:75 - [STDERR_REDIRECT] 	at org.eclipse.jface.window.Window.createShell(Window.java:498)
2025-08-02 14:39:10,534 [ERROR] LogOutputStream:75 - [STDERR_REDIRECT] 	at org.eclipse.jface.window.Window.create(Window.java:430)
2025-08-02 14:39:10,534 [ERROR] LogOutputStream:75 - [STDERR_REDIRECT] 	at org.eclipse.jface.dialogs.Dialog.create(Dialog.java:1092)
2025-08-02 14:39:10,535 [ERROR] LogOutputStream:75 - [STDERR_REDIRECT] 	at org.eclipse.ui.internal.ide.dialogs.InternalErrorDialog.open(InternalErrorDialog.java:81)
2025-08-02 14:39:10,536 [ERROR] LogOutputStream:75 - [STDERR_REDIRECT] 	at org.eclipse.ui.internal.ide.IDEWorkbenchErrorHandler.openQuestionDialog(IDEWorkbenchErrorHandler.java:184)
2025-08-02 14:39:10,537 [ERROR] LogOutputStream:75 - [STDERR_REDIRECT] 	at org.eclipse.ui.internal.ide.IDEWorkbenchErrorHandler.handleException(IDEWorkbenchErrorHandler.java:143)
2025-08-02 14:39:10,537 [ERROR] LogOutputStream:75 - [STDERR_REDIRECT] 	at org.eclipse.ui.internal.ide.IDEWorkbenchErrorHandler.lambda$0(IDEWorkbenchErrorHandler.java:111)
2025-08-02 14:39:10,538 [ERROR] LogOutputStream:75 - [STDERR_REDIRECT] 	at org.eclipse.ui.progress.UIJob$1.runInUIThread(UIJob.java:56)
2025-08-02 14:39:10,538 [ERROR] LogOutputStream:75 - [STDERR_REDIRECT] 	at org.eclipse.ui.progress.UIJob.lambda$0(UIJob.java:148)
2025-08-02 14:39:10,539 [ERROR] LogOutputStream:75 - [STDERR_REDIRECT] 	at org.eclipse.swt.widgets.RunnableLock.run(RunnableLock.java:40)
2025-08-02 14:39:10,539 [ERROR] LogOutputStream:75 - [STDERR_REDIRECT] 	at org.eclipse.swt.widgets.Synchronizer.runAsyncMessages(Synchronizer.java:132)
2025-08-02 14:39:10,540 [ERROR] LogOutputStream:75 - [STDERR_REDIRECT] 	at org.eclipse.swt.widgets.Display.runAsyncMessages(Display.java:4099)
2025-08-02 14:39:10,541 [ERROR] LogOutputStream:75 - [STDERR_REDIRECT] 	at org.eclipse.swt.widgets.Display.readAndDispatch(Display.java:3715)
2025-08-02 14:39:10,541 [ERROR] LogOutputStream:75 - [STDERR_REDIRECT] 	at org.eclipse.e4.ui.internal.workbench.swt.PartRenderingEngine$5.run(PartRenderingEngine.java:1151)
2025-08-02 14:39:10,542 [ERROR] LogOutputStream:75 - [STDERR_REDIRECT] 	at org.eclipse.core.databinding.observable.Realm.runWithDefault(Realm.java:339)
2025-08-02 14:39:10,542 [ERROR] LogOutputStream:75 - [STDERR_REDIRECT] 	at org.eclipse.e4.ui.internal.workbench.swt.PartRenderingEngine.run(PartRenderingEngine.java:1042)
2025-08-02 14:39:10,543 [ERROR] LogOutputStream:75 - [STDERR_REDIRECT] 	at org.eclipse.e4.ui.internal.workbench.E4Workbench.createAndRunUI(E4Workbench.java:153)
2025-08-02 14:39:10,543 [ERROR] LogOutputStream:75 - [STDERR_REDIRECT] 	at org.eclipse.ui.internal.Workbench.lambda$3(Workbench.java:639)
2025-08-02 14:39:10,544 [ERROR] LogOutputStream:75 - [STDERR_REDIRECT] 	at org.eclipse.core.databinding.observable.Realm.runWithDefault(Realm.java:339)
2025-08-02 14:39:10,544 [ERROR] LogOutputStream:75 - [STDERR_REDIRECT] 	at org.eclipse.ui.internal.Workbench.createAndRunWorkbench(Workbench.java:546)
2025-08-02 14:39:10,545 [ERROR] LogOutputStream:75 - [STDERR_REDIRECT] 	at org.eclipse.ui.PlatformUI.createAndRunWorkbench(PlatformUI.java:173)
2025-08-02 14:39:10,546 [ERROR] LogOutputStream:75 - [STDERR_REDIRECT] 	at org.eclipse.ui.internal.ide.application.IDEApplication.start(IDEApplication.java:152)
2025-08-02 14:39:10,547 [ERROR] LogOutputStream:75 - [STDERR_REDIRECT] 	at org.eclipse.equinox.internal.app.EclipseAppHandle.run(EclipseAppHandle.java:208)
2025-08-02 14:39:10,548 [ERROR] LogOutputStream:75 - [STDERR_REDIRECT] 	at org.eclipse.core.runtime.internal.adaptor.EclipseAppLauncher.runApplication(EclipseAppLauncher.java:143)
2025-08-02 14:39:10,549 [ERROR] LogOutputStream:75 - [STDERR_REDIRECT] 	at org.eclipse.core.runtime.internal.adaptor.EclipseAppLauncher.start(EclipseAppLauncher.java:109)
2025-08-02 14:39:10,549 [ERROR] LogOutputStream:75 - [STDERR_REDIRECT] 	at org.eclipse.core.runtime.adaptor.EclipseStarter.run(EclipseStarter.java:439)
2025-08-02 14:39:10,550 [ERROR] LogOutputStream:75 - [STDERR_REDIRECT] 	at org.eclipse.core.runtime.adaptor.EclipseStarter.run(EclipseStarter.java:271)
2025-08-02 14:39:10,551 [ERROR] LogOutputStream:75 - [STDERR_REDIRECT] 	at java.base/jdk.internal.reflect.DirectMethodHandleAccessor.invoke(DirectMethodHandleAccessor.java:103)
2025-08-02 14:39:10,551 [ERROR] LogOutputStream:75 - [STDERR_REDIRECT] 	at java.base/java.lang.reflect.Method.invoke(Method.java:580)
2025-08-02 14:39:10,552 [ERROR] LogOutputStream:75 - [STDERR_REDIRECT] 	at org.eclipse.equinox.launcher.Main.invokeFramework(Main.java:668)
2025-08-02 14:39:10,553 [ERROR] LogOutputStream:75 - [STDERR_REDIRECT] 	at org.eclipse.equinox.launcher.Main.basicRun(Main.java:605)
2025-08-02 14:39:10,553 [ERROR] LogOutputStream:75 - [STDERR_REDIRECT] 	at org.eclipse.equinox.launcher.Main.run(Main.java:1481)
2025-08-02 14:39:11,540 [ERROR] LogOutputStream:75 - [STDERR_REDIRECT] Fatal error happened during workbench emergency close.
2025-08-02 14:39:11,540 [ERROR] LogOutputStream:75 - [STDERR_REDIRECT] org.eclipse.swt.SWTError: No more handles
2025-08-02 14:39:11,541 [ERROR] LogOutputStream:75 - [STDERR_REDIRECT] 	at org.eclipse.swt.SWT.error(SWT.java:4948)
2025-08-02 14:39:11,541 [ERROR] LogOutputStream:75 - [STDERR_REDIRECT] 	at org.eclipse.swt.SWT.error(SWT.java:4837)
2025-08-02 14:39:11,541 [ERROR] LogOutputStream:75 - [STDERR_REDIRECT] 	at org.eclipse.swt.SWT.error(SWT.java:4808)
2025-08-02 14:39:11,542 [ERROR] LogOutputStream:75 - [STDERR_REDIRECT] 	at org.eclipse.swt.widgets.Widget.error(Widget.java:500)
2025-08-02 14:39:11,542 [ERROR] LogOutputStream:75 - [STDERR_REDIRECT] 	at org.eclipse.swt.widgets.Control.internal_new_GC(Control.java:1734)
2025-08-02 14:39:11,543 [ERROR] LogOutputStream:75 - [STDERR_REDIRECT] 	at org.eclipse.swt.graphics.GC.<init>(GC.java:171)
2025-08-02 14:39:11,543 [ERROR] LogOutputStream:75 - [STDERR_REDIRECT] 	at org.eclipse.swt.graphics.GC.<init>(GC.java:135)
2025-08-02 14:39:11,544 [ERROR] LogOutputStream:75 - [STDERR_REDIRECT] 	at org.eclipse.swt.custom.CLabel.getTotalSize(CLabel.java:273)
2025-08-02 14:39:11,544 [ERROR] LogOutputStream:75 - [STDERR_REDIRECT] 	at org.eclipse.swt.custom.CLabel.computeSize(CLabel.java:147)
2025-08-02 14:39:11,545 [ERROR] LogOutputStream:75 - [STDERR_REDIRECT] 	at org.eclipse.swt.layout.FormData.computeSize(FormData.java:131)
2025-08-02 14:39:11,545 [ERROR] LogOutputStream:75 - [STDERR_REDIRECT] 	at org.eclipse.swt.layout.FormLayout.layout(FormLayout.java:325)
2025-08-02 14:39:11,547 [ERROR] LogOutputStream:75 - [STDERR_REDIRECT] 	at org.eclipse.swt.layout.FormLayout.computeSize(FormLayout.java:245)
2025-08-02 14:39:11,547 [ERROR] LogOutputStream:75 - [STDERR_REDIRECT] 	at org.eclipse.swt.widgets.Composite.computeSizeInPixels(Composite.java:222)
2025-08-02 14:39:11,548 [ERROR] LogOutputStream:75 - [STDERR_REDIRECT] 	at org.eclipse.swt.widgets.Control.computeSize(Control.java:620)
2025-08-02 14:39:11,548 [ERROR] LogOutputStream:75 - [STDERR_REDIRECT] 	at org.eclipse.swt.layout.FormData.computeSize(FormData.java:131)
2025-08-02 14:39:11,549 [ERROR] LogOutputStream:75 - [STDERR_REDIRECT] 	at org.eclipse.swt.layout.FormLayout.layout(FormLayout.java:325)
2025-08-02 14:39:11,549 [ERROR] LogOutputStream:75 - [STDERR_REDIRECT] 	at org.eclipse.swt.layout.FormLayout.computeSize(FormLayout.java:245)
2025-08-02 14:39:11,550 [ERROR] LogOutputStream:75 - [STDERR_REDIRECT] 	at org.eclipse.swt.widgets.Composite.computeSizeInPixels(Composite.java:222)
2025-08-02 14:39:11,550 [ERROR] LogOutputStream:75 - [STDERR_REDIRECT] 	at org.eclipse.swt.widgets.Control.computeSize(Control.java:620)
2025-08-02 14:39:11,551 [ERROR] LogOutputStream:75 - [STDERR_REDIRECT] 	at org.eclipse.swt.layout.FormData.computeSize(FormData.java:131)
2025-08-02 14:39:11,551 [ERROR] LogOutputStream:75 - [STDERR_REDIRECT] 	at org.eclipse.swt.layout.FormLayout.layout(FormLayout.java:325)
2025-08-02 14:39:11,552 [ERROR] LogOutputStream:75 - [STDERR_REDIRECT] 	at org.eclipse.swt.layout.FormLayout.layout(FormLayout.java:292)
2025-08-02 14:39:11,552 [ERROR] LogOutputStream:75 - [STDERR_REDIRECT] 	at org.eclipse.swt.widgets.Composite.updateLayout(Composite.java:1343)
2025-08-02 14:39:11,553 [ERROR] LogOutputStream:75 - [STDERR_REDIRECT] 	at org.eclipse.swt.widgets.Composite.updateLayout(Composite.java:1349)
2025-08-02 14:39:11,553 [ERROR] LogOutputStream:75 - [STDERR_REDIRECT] 	at org.eclipse.swt.widgets.Composite.updateLayout(Composite.java:1349)
2025-08-02 14:39:11,554 [ERROR] LogOutputStream:75 - [STDERR_REDIRECT] 	at org.eclipse.swt.widgets.Composite.updateLayout(Composite.java:1349)
2025-08-02 14:39:11,554 [ERROR] LogOutputStream:75 - [STDERR_REDIRECT] 	at org.eclipse.swt.widgets.Composite.updateLayout(Composite.java:1349)
2025-08-02 14:39:11,555 [ERROR] LogOutputStream:75 - [STDERR_REDIRECT] 	at org.eclipse.swt.widgets.Composite.updateLayout(Composite.java:1349)
2025-08-02 14:39:11,555 [ERROR] LogOutputStream:75 - [STDERR_REDIRECT] 	at org.eclipse.swt.widgets.Composite.updateLayout(Composite.java:1349)
2025-08-02 14:39:11,556 [ERROR] LogOutputStream:75 - [STDERR_REDIRECT] 	at org.eclipse.swt.widgets.Composite.updateLayout(Composite.java:1349)
2025-08-02 14:39:11,557 [ERROR] LogOutputStream:75 - [STDERR_REDIRECT] 	at org.eclipse.swt.widgets.Composite.updateLayout(Composite.java:1349)
2025-08-02 14:39:11,557 [ERROR] LogOutputStream:75 - [STDERR_REDIRECT] 	at org.eclipse.swt.widgets.Composite.updateLayout(Composite.java:1349)
2025-08-02 14:39:11,558 [ERROR] LogOutputStream:75 - [STDERR_REDIRECT] 	at org.eclipse.swt.widgets.Composite.updateLayout(Composite.java:1328)
2025-08-02 14:39:11,558 [ERROR] LogOutputStream:75 - [STDERR_REDIRECT] 	at org.eclipse.swt.widgets.Composite.layout(Composite.java:707)
2025-08-02 14:39:11,559 [ERROR] LogOutputStream:75 - [STDERR_REDIRECT] 	at org.eclipse.e4.ui.workbench.renderers.swt.SashRenderer.forceLayout(SashRenderer.java:87)
2025-08-02 14:39:11,559 [ERROR] LogOutputStream:75 - [STDERR_REDIRECT] 	at org.eclipse.e4.ui.workbench.renderers.swt.SashRenderer.hideChild(SashRenderer.java:160)
2025-08-02 14:39:11,560 [ERROR] LogOutputStream:75 - [STDERR_REDIRECT] 	at org.eclipse.e4.ui.internal.workbench.swt.PartRenderingEngine.safeRemoveGui(PartRenderingEngine.java:872)
2025-08-02 14:39:11,561 [ERROR] LogOutputStream:75 - [STDERR_REDIRECT] 	at org.eclipse.e4.ui.internal.workbench.swt.PartRenderingEngine$4.run(PartRenderingEngine.java:857)
2025-08-02 14:39:11,562 [ERROR] LogOutputStream:75 - [STDERR_REDIRECT] 	at org.eclipse.core.runtime.SafeRunner.run(SafeRunner.java:47)
2025-08-02 14:39:11,562 [ERROR] LogOutputStream:75 - [STDERR_REDIRECT] 	at org.eclipse.e4.ui.internal.workbench.swt.PartRenderingEngine.removeGui(PartRenderingEngine.java:841)
2025-08-02 14:39:11,563 [ERROR] LogOutputStream:75 - [STDERR_REDIRECT] 	at org.eclipse.e4.ui.internal.workbench.swt.PartRenderingEngine.safeRemoveGui(PartRenderingEngine.java:889)
2025-08-02 14:39:11,563 [ERROR] LogOutputStream:75 - [STDERR_REDIRECT] 	at org.eclipse.e4.ui.internal.workbench.swt.PartRenderingEngine$4.run(PartRenderingEngine.java:857)
2025-08-02 14:39:11,564 [ERROR] LogOutputStream:75 - [STDERR_REDIRECT] 	at org.eclipse.core.runtime.SafeRunner.run(SafeRunner.java:47)
2025-08-02 14:39:11,564 [ERROR] LogOutputStream:75 - [STDERR_REDIRECT] 	at org.eclipse.e4.ui.internal.workbench.swt.PartRenderingEngine.removeGui(PartRenderingEngine.java:841)
2025-08-02 14:39:11,565 [ERROR] LogOutputStream:75 - [STDERR_REDIRECT] 	at org.eclipse.e4.ui.internal.workbench.swt.PartRenderingEngine.safeRemoveGui(PartRenderingEngine.java:896)
2025-08-02 14:39:11,566 [ERROR] LogOutputStream:75 - [STDERR_REDIRECT] 	at org.eclipse.e4.ui.internal.workbench.swt.PartRenderingEngine$4.run(PartRenderingEngine.java:857)
2025-08-02 14:39:11,566 [ERROR] LogOutputStream:75 - [STDERR_REDIRECT] 	at org.eclipse.core.runtime.SafeRunner.run(SafeRunner.java:47)
2025-08-02 14:39:11,566 [ERROR] LogOutputStream:75 - [STDERR_REDIRECT] 	at org.eclipse.e4.ui.internal.workbench.swt.PartRenderingEngine.removeGui(PartRenderingEngine.java:841)
2025-08-02 14:39:11,567 [ERROR] LogOutputStream:75 - [STDERR_REDIRECT] 	at org.eclipse.ui.internal.WorkbenchWindow.hardClose(WorkbenchWindow.java:2082)
2025-08-02 14:39:11,568 [ERROR] LogOutputStream:75 - [STDERR_REDIRECT] 	at org.eclipse.ui.internal.WorkbenchWindow.busyClose(WorkbenchWindow.java:1723)
2025-08-02 14:39:11,568 [ERROR] LogOutputStream:75 - [STDERR_REDIRECT] 	at org.eclipse.ui.internal.WorkbenchWindow.lambda$5(WorkbenchWindow.java:1747)
2025-08-02 14:39:11,569 [ERROR] LogOutputStream:75 - [STDERR_REDIRECT] 	at org.eclipse.swt.custom.BusyIndicator.showWhile(BusyIndicator.java:67)
2025-08-02 14:39:11,569 [ERROR] LogOutputStream:75 - [STDERR_REDIRECT] 	at org.eclipse.ui.internal.WorkbenchWindow.close(WorkbenchWindow.java:1747)
2025-08-02 14:39:11,569 [ERROR] LogOutputStream:75 - [STDERR_REDIRECT] 	at org.eclipse.ui.internal.Workbench$11.run(Workbench.java:1125)
2025-08-02 14:39:11,570 [ERROR] LogOutputStream:75 - [STDERR_REDIRECT] 	at org.eclipse.core.runtime.SafeRunner.run(SafeRunner.java:47)
2025-08-02 14:39:11,570 [ERROR] LogOutputStream:75 - [STDERR_REDIRECT] 	at org.eclipse.ui.internal.Workbench.busyClose(Workbench.java:1108)
2025-08-02 14:39:11,571 [ERROR] LogOutputStream:75 - [STDERR_REDIRECT] 	at org.eclipse.ui.internal.Workbench.lambda$4(Workbench.java:1414)
2025-08-02 14:39:11,571 [ERROR] LogOutputStream:75 - [STDERR_REDIRECT] 	at org.eclipse.swt.custom.BusyIndicator.showWhile(BusyIndicator.java:67)
2025-08-02 14:39:11,571 [ERROR] LogOutputStream:75 - [STDERR_REDIRECT] 	at org.eclipse.ui.internal.Workbench.close(Workbench.java:1414)
2025-08-02 14:39:11,572 [ERROR] LogOutputStream:75 - [STDERR_REDIRECT] 	at org.eclipse.ui.internal.WorkbenchConfigurer.emergencyClose(WorkbenchConfigurer.java:147)
2025-08-02 14:39:11,572 [ERROR] LogOutputStream:75 - [STDERR_REDIRECT] 	at org.eclipse.ui.internal.ide.IDEWorkbenchErrorHandler.closeWorkbench(IDEWorkbenchErrorHandler.java:238)
2025-08-02 14:39:11,573 [ERROR] LogOutputStream:75 - [STDERR_REDIRECT] 	at org.eclipse.ui.internal.ide.IDEWorkbenchErrorHandler.handleException(IDEWorkbenchErrorHandler.java:144)
2025-08-02 14:39:11,574 [ERROR] LogOutputStream:75 - [STDERR_REDIRECT] 	at org.eclipse.ui.internal.ide.IDEWorkbenchErrorHandler.lambda$0(IDEWorkbenchErrorHandler.java:111)
2025-08-02 14:39:11,574 [ERROR] LogOutputStream:75 - [STDERR_REDIRECT] 	at org.eclipse.ui.progress.UIJob$1.runInUIThread(UIJob.java:56)
2025-08-02 14:39:11,575 [ERROR] LogOutputStream:75 - [STDERR_REDIRECT] 	at org.eclipse.ui.progress.UIJob.lambda$0(UIJob.java:148)
2025-08-02 14:39:11,576 [ERROR] LogOutputStream:75 - [STDERR_REDIRECT] 	at org.eclipse.swt.widgets.RunnableLock.run(RunnableLock.java:40)
2025-08-02 14:39:11,577 [ERROR] LogOutputStream:75 - [STDERR_REDIRECT] 	at org.eclipse.swt.widgets.Synchronizer.runAsyncMessages(Synchronizer.java:132)
2025-08-02 14:39:11,577 [ERROR] LogOutputStream:75 - [STDERR_REDIRECT] 	at org.eclipse.swt.widgets.Display.runAsyncMessages(Display.java:4099)
2025-08-02 14:39:11,578 [ERROR] LogOutputStream:75 - [STDERR_REDIRECT] 	at org.eclipse.swt.widgets.Display.readAndDispatch(Display.java:3715)
2025-08-02 14:39:11,579 [ERROR] LogOutputStream:75 - [STDERR_REDIRECT] 	at org.eclipse.e4.ui.internal.workbench.swt.PartRenderingEngine$5.run(PartRenderingEngine.java:1151)
2025-08-02 14:39:11,580 [ERROR] LogOutputStream:75 - [STDERR_REDIRECT] 	at org.eclipse.core.databinding.observable.Realm.runWithDefault(Realm.java:339)
2025-08-02 14:39:11,581 [ERROR] LogOutputStream:75 - [STDERR_REDIRECT] 	at org.eclipse.e4.ui.internal.workbench.swt.PartRenderingEngine.run(PartRenderingEngine.java:1042)
2025-08-02 14:39:11,581 [ERROR] LogOutputStream:75 - [STDERR_REDIRECT] 	at org.eclipse.e4.ui.internal.workbench.E4Workbench.createAndRunUI(E4Workbench.java:153)
2025-08-02 14:39:11,582 [ERROR] LogOutputStream:75 - [STDERR_REDIRECT] 	at org.eclipse.ui.internal.Workbench.lambda$3(Workbench.java:639)
2025-08-02 14:39:11,582 [ERROR] LogOutputStream:75 - [STDERR_REDIRECT] 	at org.eclipse.core.databinding.observable.Realm.runWithDefault(Realm.java:339)
2025-08-02 14:39:11,583 [ERROR] LogOutputStream:75 - [STDERR_REDIRECT] 	at org.eclipse.ui.internal.Workbench.createAndRunWorkbench(Workbench.java:546)
2025-08-02 14:39:11,583 [ERROR] LogOutputStream:75 - [STDERR_REDIRECT] 	at org.eclipse.ui.PlatformUI.createAndRunWorkbench(PlatformUI.java:173)
2025-08-02 14:39:11,584 [ERROR] LogOutputStream:75 - [STDERR_REDIRECT] 	at org.eclipse.ui.internal.ide.application.IDEApplication.start(IDEApplication.java:152)
2025-08-02 14:39:11,584 [ERROR] LogOutputStream:75 - [STDERR_REDIRECT] 	at org.eclipse.equinox.internal.app.EclipseAppHandle.run(EclipseAppHandle.java:208)
2025-08-02 14:39:11,585 [ERROR] LogOutputStream:75 - [STDERR_REDIRECT] 	at org.eclipse.core.runtime.internal.adaptor.EclipseAppLauncher.runApplication(EclipseAppLauncher.java:143)
2025-08-02 14:39:11,585 [ERROR] LogOutputStream:75 - [STDERR_REDIRECT] 	at org.eclipse.core.runtime.internal.adaptor.EclipseAppLauncher.start(EclipseAppLauncher.java:109)
2025-08-02 14:39:11,586 [ERROR] LogOutputStream:75 - [STDERR_REDIRECT] 	at org.eclipse.core.runtime.adaptor.EclipseStarter.run(EclipseStarter.java:439)
2025-08-02 14:39:11,586 [ERROR] LogOutputStream:75 - [STDERR_REDIRECT] 	at org.eclipse.core.runtime.adaptor.EclipseStarter.run(EclipseStarter.java:271)
2025-08-02 14:39:11,587 [ERROR] LogOutputStream:75 - [STDERR_REDIRECT] 	at java.base/jdk.internal.reflect.DirectMethodHandleAccessor.invoke(DirectMethodHandleAccessor.java:103)
2025-08-02 14:39:11,587 [ERROR] LogOutputStream:75 - [STDERR_REDIRECT] 	at java.base/java.lang.reflect.Method.invoke(Method.java:580)
2025-08-02 14:39:11,587 [ERROR] LogOutputStream:75 - [STDERR_REDIRECT] 	at org.eclipse.equinox.launcher.Main.invokeFramework(Main.java:668)
2025-08-02 14:39:11,588 [ERROR] LogOutputStream:75 - [STDERR_REDIRECT] 	at org.eclipse.equinox.launcher.Main.basicRun(Main.java:605)
2025-08-02 14:39:11,588 [ERROR] LogOutputStream:75 - [STDERR_REDIRECT] 	at org.eclipse.equinox.launcher.Main.run(Main.java:1481)
2025-08-02 14:41:26,809 [ERROR] LogOutputStream:75 - [STDERR_REDIRECT] 
2025-08-02 14:41:26,810 [ERROR] LogOutputStream:75 - [STDERR_REDIRECT] 
2025-08-02 14:41:47,421 [INFO] Activator:176 - 


2025-08-02 14:41:47,423 [INFO] Activator:177 - !SESSION log4j initialized
2025-08-02 14:41:53,335 [INFO] LogOutputStream:77 - [STDOUT_REDIRECT] 
2025-08-02 14:41:54,726 [INFO] ApplicationProperties:184 - Using Application install path: C:\ST\STM32CubeIDE_1.19.0\STM32CubeIDE\plugins\com.st.stm32cube.common.mx_6.15.0.202507011659
2025-08-02 14:41:54,748 [INFO] DbMcusXml:78 - Set database path to: C:\ST\STM32CubeIDE_1.19.0\STM32CubeIDE\plugins\com.st.stm32cube.common.mx_6.15.0.202507011659\\db\/mcu/
2025-08-02 14:41:54,748 [INFO] ApiDb:274 - Set plugin database path to: C:\ST\STM32CubeIDE_1.19.0\STM32CubeIDE\plugins\com.st.stm32cube.common.mx_6.15.0.202507011659\\db\/plugins/boardmanager/
2025-08-02 14:41:54,748 [WARN] ApiDb:259 - Overriding images path with different value:  => C:\ST\STM32CubeIDE_1.19.0\STM32CubeIDE\plugins\com.st.stm32cube.common.mx_6.15.0.202507011659\\db\/plugins/mcufinder/images/
2025-08-02 14:41:54,759 [INFO] ApiDb:250 - Set database path to: C:\Users\joeyf\.stmcufinder\plugins\mcufinder//mcu/
2025-08-02 14:41:54,761 [INFO] DbMcusAds:125 - Set database path to: C:\Users\joeyf\.stmcufinder\plugins\mcufinder//mcu/
2025-08-02 14:41:54,764 [INFO] CrossReferenceDbSqlite:203 - Set database path to: C:\Users\joeyf\.stmcufinder\plugins\mcufinder//mcu/cs/
2025-08-02 14:41:54,934 [INFO] RulesReader:64 - Compatibility file has been processed (317 Rules)
2025-08-02 14:41:55,098 [INFO] DbMcusXml:78 - Set database path to: C:\ST\STM32CubeIDE_1.19.0\STM32CubeIDE\plugins\com.st.stm32cube.common.mx_6.15.0.202507011659\\db\/mcu/
2025-08-02 14:41:55,098 [INFO] ApiDb:274 - Set plugin database path to: C:\ST\STM32CubeIDE_1.19.0\STM32CubeIDE\plugins\com.st.stm32cube.common.mx_6.15.0.202507011659\\db\/plugins/boardmanager/
2025-08-02 14:41:55,099 [INFO] ApiDb:261 - Set plugin images path to: C:\ST\STM32CubeIDE_1.19.0\STM32CubeIDE\plugins\com.st.stm32cube.common.mx_6.15.0.202507011659\\db\/plugins/mcufinder/images/
2025-08-02 14:41:55,099 [WARN] DbFile:41 - Overriding database path with different value: C:\Users\joeyf\.stmcufinder\plugins\mcufinder/ => C:\Users\joeyf\.stmcufinder\plugins\mcufinder
2025-08-02 14:41:55,100 [INFO] ApiDb:250 - Set database path to: C:\Users\joeyf\.stmcufinder\plugins\mcufinder//mcu/
2025-08-02 14:41:55,100 [WARN] DbFile:41 - Overriding database path with different value: C:\Users\joeyf\.stmcufinder\plugins\mcufinder/ => C:\Users\joeyf\.stmcufinder\plugins\mcufinder
2025-08-02 14:41:55,100 [INFO] DbMcusAds:125 - Set database path to: C:\Users\joeyf\.stmcufinder\plugins\mcufinder//mcu/
2025-08-02 14:41:55,100 [WARN] DbFile:41 - Overriding database path with different value: C:\Users\joeyf\.stmcufinder\plugins\mcufinder/ => C:\Users\joeyf\.stmcufinder\plugins\mcufinder
2025-08-02 14:41:55,100 [WARN] DbFile:41 - Overriding database path with different value: C:\Users\joeyf\.stmcufinder\plugins\mcufinder/ => C:\Users\joeyf\.stmcufinder\plugins\mcufinder
2025-08-02 14:41:55,100 [INFO] CrossReferenceDbSqlite:203 - Set database path to: C:\Users\joeyf\.stmcufinder\plugins\mcufinder//mcu/cs/
2025-08-02 14:41:55,203 [INFO] MainPanel:274 - HeapMemory: 268435456
2025-08-02 14:41:55,342 [INFO] DbMcusXml:78 - Set database path to: C:\ST\STM32CubeIDE_1.19.0\STM32CubeIDE\plugins\com.st.stm32cube.common.mx_6.15.0.202507011659\\db\/mcu/
2025-08-02 14:41:55,342 [INFO] ApiDb:274 - Set plugin database path to: C:\ST\STM32CubeIDE_1.19.0\STM32CubeIDE\plugins\com.st.stm32cube.common.mx_6.15.0.202507011659\\db\/plugins/boardmanager/
2025-08-02 14:41:55,342 [INFO] ApiDb:261 - Set plugin images path to: C:\ST\STM32CubeIDE_1.19.0\STM32CubeIDE\plugins\com.st.stm32cube.common.mx_6.15.0.202507011659\\db\/plugins/mcufinder/images/
2025-08-02 14:41:55,342 [WARN] DbFile:41 - Overriding database path with different value: C:\Users\joeyf\.stmcufinder\plugins\mcufinder/ => C:\Users\joeyf\.stmcufinder\plugins\mcufinder
2025-08-02 14:41:55,343 [INFO] ApiDb:250 - Set database path to: C:\Users\joeyf\.stmcufinder\plugins\mcufinder//mcu/
2025-08-02 14:41:55,343 [WARN] DbFile:41 - Overriding database path with different value: C:\Users\joeyf\.stmcufinder\plugins\mcufinder/ => C:\Users\joeyf\.stmcufinder\plugins\mcufinder
2025-08-02 14:41:55,343 [INFO] DbMcusAds:125 - Set database path to: C:\Users\joeyf\.stmcufinder\plugins\mcufinder//mcu/
2025-08-02 14:41:55,343 [WARN] DbFile:41 - Overriding database path with different value: C:\Users\joeyf\.stmcufinder\plugins\mcufinder/ => C:\Users\joeyf\.stmcufinder\plugins\mcufinder
2025-08-02 14:41:55,343 [WARN] DbFile:41 - Overriding database path with different value: C:\Users\joeyf\.stmcufinder\plugins\mcufinder/ => C:\Users\joeyf\.stmcufinder\plugins\mcufinder
2025-08-02 14:41:55,343 [INFO] CrossReferenceDbSqlite:203 - Set database path to: C:\Users\joeyf\.stmcufinder\plugins\mcufinder//mcu/cs/
2025-08-02 14:41:55,362 [INFO] ApplicationProperties:184 - Using Application install path: C:\ST\STM32CubeIDE_1.19.0\STM32CubeIDE\plugins\com.st.stm32cube.common.mx_6.15.0.202507011659
2025-08-02 14:41:55,364 [INFO] PluginManage:196 - Search for loadable plugins [exclusion list=, ]
2025-08-02 14:41:55,366 [INFO] PluginManage:310 - Check plugin analytics
2025-08-02 14:41:55,540 [INFO] AnalyticsPlugin:253 - Accepted Software Licenses: STM32CubeMX.6.15.0
2025-08-02 14:41:55,541 [INFO] AnalyticsPlugin:255 - Accepted CMSIS Pack Licenses: STMicroelectronics.X-CUBE-TOUCHGFX.4.25.0
2025-08-02 14:41:55,541 [INFO] AnalyticsPlugin:257 - Accepted Firmware Licenses: FW.L4.1.18.0
2025-08-02 14:41:55,543 [INFO] PluginManage:359 - Loaded plugin analytics (category:tool,tabindex:-1)
2025-08-02 14:41:55,544 [INFO] PluginManage:310 - Check plugin cadmodel
2025-08-02 14:41:55,551 [INFO] CADModel:105 - Init CAD model plugin
2025-08-02 14:41:55,551 [INFO] PluginManage:359 - Loaded plugin cadmodel (category:power,tabindex:5)
2025-08-02 14:41:55,551 [INFO] PluginManage:310 - Check plugin clock
2025-08-02 14:41:55,560 [INFO] PluginManage:359 - Loaded plugin clock (category:base,tabindex:2)
2025-08-02 14:41:55,561 [INFO] PluginManage:310 - Check plugin ddr
2025-08-02 14:41:55,563 [INFO] PluginManage:359 - Loaded plugin ddr (category:tool,tabindex:6)
2025-08-02 14:41:55,563 [INFO] PluginManage:310 - Check plugin filemanager
2025-08-02 14:41:55,727 [INFO] PluginManage:359 - Loaded plugin filemanager (category:base,tabindex:10)
2025-08-02 14:41:55,728 [INFO] PluginManage:310 - Check plugin ipmanager
2025-08-02 14:41:55,736 [INFO] PluginManage:359 - Loaded plugin ipmanager (category:base,tabindex:5)
2025-08-02 14:41:55,736 [INFO] PluginManage:310 - Check plugin lpbam
2025-08-02 14:41:55,745 [INFO] PluginManage:359 - Loaded plugin lpbam (category:base,tabindex:0)
2025-08-02 14:41:55,745 [INFO] PluginManage:310 - Check plugin memorymap
2025-08-02 14:41:55,760 [INFO] PluginManage:359 - Loaded plugin memorymap (category:base,tabindex:4)
2025-08-02 14:41:55,760 [INFO] PluginManage:310 - Check plugin pinoutandconfiguration
2025-08-02 14:41:55,770 [INFO] PluginManage:359 - Loaded plugin pinoutandconfiguration (category:base,tabindex:1)
2025-08-02 14:41:55,770 [INFO] PluginManage:310 - Check plugin pinoutconfig
2025-08-02 14:41:55,864 [WARN] SupportedApi:132 - Cannot load RTOS API schema: s4s-elt-must-match.1: The content of 'definitions' must match (annotation?, (simpleType | complexType)?, (unique | key | keyref)*)). A problem was found starting at: attribute.
2025-08-02 14:41:55,990 [INFO] PluginManage:359 - Loaded plugin pinoutconfig (category:base,tabindex:0)
2025-08-02 14:41:55,990 [INFO] PluginManage:310 - Check plugin power
2025-08-02 14:41:56,000 [INFO] PluginManage:359 - Loaded plugin power (category:power,tabindex:4)
2025-08-02 14:41:56,000 [INFO] PluginManage:310 - Check plugin projectmanager
2025-08-02 14:41:56,017 [INFO] PluginManage:359 - Loaded plugin projectmanager (category:projectmanager,tabindex:4)
2025-08-02 14:41:56,018 [INFO] PluginManage:310 - Check plugin rif
2025-08-02 14:41:56,029 [INFO] PluginManage:359 - Loaded plugin rif (category:base,tabindex:3)
2025-08-02 14:41:56,029 [INFO] PluginManage:310 - Check plugin thirdparty
2025-08-02 14:41:56,185 [WARN] IntegrityCheckThread:84 - waiting for thirdparty lock release [integrity check]
2025-08-02 14:41:56,185 [INFO] PluginManage:359 - Loaded plugin thirdparty (category:base,tabindex:-1)
2025-08-02 14:41:56,186 [INFO] IntegrityCheckThread:86 - entering critical section [integrity check]
2025-08-02 14:41:56,186 [INFO] PluginManage:310 - Check plugin tools
2025-08-02 14:41:56,187 [INFO] ThirdPartyUpdaterWithRetryManager:70 - Updater plugin not ready yet. [1/15]
2025-08-02 14:41:56,190 [INFO] PluginManage:359 - Loaded plugin tools (category:base,tabindex:7)
2025-08-02 14:41:56,190 [INFO] PluginManage:310 - Check plugin tutovideos
2025-08-02 14:41:56,433 [INFO] PluginManage:359 - Loaded plugin tutovideos (category:base,tabindex:-1)
2025-08-02 14:41:56,433 [INFO] PluginManage:310 - Check plugin updater
2025-08-02 14:41:56,457 [INFO] PluginManage:359 - Loaded plugin updater (category:base,tabindex:12)
2025-08-02 14:41:56,457 [INFO] PluginManage:310 - Check plugin userauth
2025-08-02 14:41:56,462 [INFO] UserAuth:118 - Init User Auth plugin
2025-08-02 14:41:56,462 [INFO] PluginManage:359 - Loaded plugin userauth (category:base,tabindex:14)
2025-08-02 14:41:56,463 [INFO] PluginManage:283 - PluginManage : Loaded plugins [18]
2025-08-02 14:41:56,677 [INFO] PinOutPanel:1589 - setPackage(No Configuration,No Configuration)
2025-08-02 14:41:56,767 [INFO] CADModel:165 - CPN selected for project level
2025-08-02 14:41:56,767 [INFO] CADModel:114 - Register for checkConnection events
2025-08-02 14:41:56,786 [INFO] IPUIPlugin:80 - create IPUIPlugin
2025-08-02 14:41:56,787 [INFO] PluginManager:220 - loadIPPluginJar : add adc
2025-08-02 14:41:56,790 [INFO] IPUIPlugin:80 - create IPUIPlugin
2025-08-02 14:41:56,790 [INFO] PluginManager:220 - loadIPPluginJar : add aes
2025-08-02 14:41:56,793 [INFO] IPUIPlugin:80 - create IPUIPlugin
2025-08-02 14:41:56,793 [INFO] PluginManager:220 - loadIPPluginJar : add can
2025-08-02 14:41:56,796 [INFO] IPUIPlugin:80 - create IPUIPlugin
2025-08-02 14:41:56,796 [INFO] PluginManager:220 - loadIPPluginJar : add comp
2025-08-02 14:41:56,799 [INFO] IPUIPlugin:80 - create IPUIPlugin
2025-08-02 14:41:56,799 [INFO] PluginManager:220 - loadIPPluginJar : add cryp
2025-08-02 14:41:56,803 [INFO] IPUIPlugin:80 - create IPUIPlugin
2025-08-02 14:41:56,803 [INFO] PluginManager:220 - loadIPPluginJar : add ddr_ctrl_phy
2025-08-02 14:41:56,806 [INFO] IPUIPlugin:80 - create IPUIPlugin
2025-08-02 14:41:56,806 [INFO] PluginManager:220 - loadIPPluginJar : add dfsdm
2025-08-02 14:41:56,812 [INFO] IPUIPlugin:80 - create IPUIPlugin
2025-08-02 14:41:56,812 [INFO] PluginManager:220 - loadIPPluginJar : add dma
2025-08-02 14:41:56,815 [INFO] IPUIPlugin:80 - create IPUIPlugin
2025-08-02 14:41:56,815 [INFO] PluginManager:220 - loadIPPluginJar : add dma3
2025-08-02 14:41:56,818 [INFO] IPUIPlugin:80 - create IPUIPlugin
2025-08-02 14:41:56,818 [INFO] PluginManager:220 - loadIPPluginJar : add extmemmanager
2025-08-02 14:41:56,820 [INFO] IPUIPlugin:80 - create IPUIPlugin
2025-08-02 14:41:56,820 [INFO] PluginManager:220 - loadIPPluginJar : add fatfs
2025-08-02 14:41:56,825 [INFO] IPUIPlugin:80 - create IPUIPlugin
2025-08-02 14:41:56,825 [INFO] PluginManager:220 - loadIPPluginJar : add fmc
2025-08-02 14:41:56,834 [INFO] IPUIPlugin:80 - create IPUIPlugin
2025-08-02 14:41:56,834 [INFO] PluginManager:220 - loadIPPluginJar : add freertos
2025-08-02 14:41:56,836 [INFO] IPUIPlugin:80 - create IPUIPlugin
2025-08-02 14:41:56,836 [INFO] PluginManager:220 - loadIPPluginJar : add genericplugin
2025-08-02 14:41:56,839 [INFO] IPUIPlugin:80 - create IPUIPlugin
2025-08-02 14:41:56,839 [INFO] PluginManager:220 - loadIPPluginJar : add gfxmmu
2025-08-02 14:41:56,847 [INFO] IPUIPlugin:80 - create IPUIPlugin
2025-08-02 14:41:56,847 [INFO] PluginManager:220 - loadIPPluginJar : add gic
2025-08-02 14:41:56,855 [INFO] IPUIPlugin:80 - create IPUIPlugin
2025-08-02 14:41:56,855 [INFO] PluginManager:220 - loadIPPluginJar : add gpio
2025-08-02 14:41:56,860 [INFO] IPUIPlugin:80 - create IPUIPlugin
2025-08-02 14:41:56,860 [INFO] PluginManager:220 - loadIPPluginJar : add gtzc
2025-08-02 14:41:56,863 [INFO] IPUIPlugin:80 - create IPUIPlugin
2025-08-02 14:41:56,863 [INFO] PluginManager:220 - loadIPPluginJar : add hash
2025-08-02 14:41:56,868 [INFO] IPUIPlugin:80 - create IPUIPlugin
2025-08-02 14:41:56,868 [INFO] PluginManager:220 - loadIPPluginJar : add i2c
2025-08-02 14:41:56,871 [INFO] IPUIPlugin:80 - create IPUIPlugin
2025-08-02 14:41:56,872 [INFO] PluginManager:220 - loadIPPluginJar : add i2s
2025-08-02 14:41:56,876 [INFO] IPUIPlugin:80 - create IPUIPlugin
2025-08-02 14:41:56,876 [INFO] PluginManager:220 - loadIPPluginJar : add i3c
2025-08-02 14:41:56,881 [INFO] IPUIPlugin:80 - create IPUIPlugin
2025-08-02 14:41:56,881 [INFO] PluginManager:220 - loadIPPluginJar : add ipddr
2025-08-02 14:41:56,890 [INFO] IPUIPlugin:80 - create IPUIPlugin
2025-08-02 14:41:56,891 [INFO] PluginManager:220 - loadIPPluginJar : add linkedlist
2025-08-02 14:41:56,894 [INFO] IPUIPlugin:80 - create IPUIPlugin
2025-08-02 14:41:56,895 [INFO] PluginManager:220 - loadIPPluginJar : add lorawan
2025-08-02 14:41:56,896 [INFO] IPUIPlugin:80 - create IPUIPlugin
2025-08-02 14:41:56,897 [INFO] PluginManager:220 - loadIPPluginJar : add ltdc
2025-08-02 14:41:56,903 [INFO] IPUIPlugin:80 - create IPUIPlugin
2025-08-02 14:41:56,904 [INFO] PluginManager:220 - loadIPPluginJar : add mdma
2025-08-02 14:41:56,907 [INFO] IPUIPlugin:80 - create IPUIPlugin
2025-08-02 14:41:56,908 [INFO] PluginManager:220 - loadIPPluginJar : add nvic
2025-08-02 14:41:56,912 [INFO] IPUIPlugin:80 - create IPUIPlugin
2025-08-02 14:41:56,913 [INFO] PluginManager:220 - loadIPPluginJar : add opamp
2025-08-02 14:41:56,916 [INFO] IPUIPlugin:80 - create IPUIPlugin
2025-08-02 14:41:56,916 [INFO] PluginManager:220 - loadIPPluginJar : add openamp
2025-08-02 14:41:56,920 [INFO] IPUIPlugin:80 - create IPUIPlugin
2025-08-02 14:41:56,920 [INFO] PluginManager:220 - loadIPPluginJar : add pdm2pcm
2025-08-02 14:41:56,927 [INFO] IPUIPlugin:80 - create IPUIPlugin
2025-08-02 14:41:56,929 [INFO] PluginManager:220 - loadIPPluginJar : add plateformsettings
2025-08-02 14:41:56,932 [INFO] IPUIPlugin:80 - create IPUIPlugin
2025-08-02 14:41:56,932 [INFO] PluginManager:220 - loadIPPluginJar : add quadspi
2025-08-02 14:41:56,935 [INFO] IPUIPlugin:80 - create IPUIPlugin
2025-08-02 14:41:56,936 [INFO] PluginManager:220 - loadIPPluginJar : add radio
2025-08-02 14:41:56,943 [INFO] IPUIPlugin:80 - create IPUIPlugin
2025-08-02 14:41:56,943 [INFO] PluginManager:220 - loadIPPluginJar : add resmgrutility
2025-08-02 14:41:56,947 [INFO] IPUIPlugin:80 - create IPUIPlugin
2025-08-02 14:41:56,947 [INFO] PluginManager:220 - loadIPPluginJar : add sai
2025-08-02 14:41:56,950 [INFO] IPUIPlugin:80 - create IPUIPlugin
2025-08-02 14:41:56,950 [INFO] PluginManager:220 - loadIPPluginJar : add spi
2025-08-02 14:41:56,958 [INFO] IPUIPlugin:80 - create IPUIPlugin
2025-08-02 14:41:56,958 [INFO] PluginManager:220 - loadIPPluginJar : add stm32_wpan
2025-08-02 14:41:56,960 [INFO] IPUIPlugin:80 - create IPUIPlugin
2025-08-02 14:41:56,960 [INFO] PluginManager:220 - loadIPPluginJar : add tim
2025-08-02 14:41:56,964 [INFO] IPUIPlugin:80 - create IPUIPlugin
2025-08-02 14:41:56,964 [INFO] PluginManager:220 - loadIPPluginJar : add touchsensing
2025-08-02 14:41:56,967 [INFO] IPUIPlugin:80 - create IPUIPlugin
2025-08-02 14:41:56,967 [INFO] PluginManager:220 - loadIPPluginJar : add tracer_emb
2025-08-02 14:41:56,970 [INFO] IPUIPlugin:80 - create IPUIPlugin
2025-08-02 14:41:56,970 [INFO] PluginManager:220 - loadIPPluginJar : add ts
2025-08-02 14:41:56,972 [INFO] IPUIPlugin:80 - create IPUIPlugin
2025-08-02 14:41:56,972 [INFO] PluginManager:220 - loadIPPluginJar : add tsc
2025-08-02 14:41:56,974 [INFO] IPUIPlugin:80 - create IPUIPlugin
2025-08-02 14:41:56,974 [INFO] PluginManager:220 - loadIPPluginJar : add ucpd
2025-08-02 14:41:56,977 [INFO] IPUIPlugin:80 - create IPUIPlugin
2025-08-02 14:41:56,977 [INFO] PluginManager:220 - loadIPPluginJar : add usart
2025-08-02 14:41:56,981 [INFO] IPUIPlugin:80 - create IPUIPlugin
2025-08-02 14:41:56,981 [INFO] PluginManager:220 - loadIPPluginJar : add usbx
2025-08-02 14:41:57,114 [FATAL] Updater:351 - Updater called before beeing initialized
2025-08-02 14:41:57,140 [INFO] RulesReader:64 - Compatibility file has been processed (317 Rules)
2025-08-02 14:41:57,155 [INFO] RulesReader:64 - Compatibility file has been processed (317 Rules)
2025-08-02 14:41:57,169 [INFO] CADModel:165 - CPN selected for project level
2025-08-02 14:41:57,169 [INFO] CADModel:114 - Register for checkConnection events
2025-08-02 14:41:57,169 [FATAL] Updater:351 - Updater called before beeing initialized
2025-08-02 14:41:57,169 [ERROR] CADModel:125 - Updater not yet initialized, retry later 
2025-08-02 14:41:57,356 [FATAL] Updater:351 - Updater called before beeing initialized
2025-08-02 14:41:57,358 [INFO] CADModel:165 - CPN selected for project level
2025-08-02 14:41:57,358 [INFO] CADModel:114 - Register for checkConnection events
2025-08-02 14:41:57,358 [FATAL] Updater:351 - Updater called before beeing initialized
2025-08-02 14:41:57,358 [ERROR] CADModel:125 - Updater not yet initialized, retry later 
2025-08-02 14:41:57,361 [FATAL] Updater:351 - Updater called before beeing initialized
2025-08-02 14:41:57,483 [FATAL] Updater:351 - Updater called before beeing initialized
2025-08-02 14:41:57,487 [INFO] DbMcusAds:53 - JSON generation date=Tue Jul 08 01:14:23 PDT 2025 (1751962463562)
2025-08-02 14:41:57,488 [FATAL] Updater:351 - Updater called before beeing initialized
2025-08-02 14:41:57,529 [WARN] DetailPanel:346 - Failed to get advertising image, set to default
2025-08-02 14:41:57,622 [FATAL] Updater:351 - Updater called before beeing initialized
2025-08-02 14:41:57,624 [FATAL] Updater:351 - Updater called before beeing initialized
2025-08-02 14:41:57,625 [FATAL] Updater:351 - Updater called before beeing initialized
2025-08-02 14:41:57,625 [WARN] DetailPanel:346 - Failed to get advertising image, set to default
2025-08-02 14:41:57,626 [FATAL] Updater:351 - Updater called before beeing initialized
2025-08-02 14:41:57,672 [ERROR] Updater:1198 - MainUpdater not yet initialized. External WinMGr cannot be set.
2025-08-02 14:41:57,675 [INFO] Updater:1134 - Updater Version found : 6.15.0
2025-08-02 14:41:57,697 [INFO] ApplicationProperties:184 - Using Application install path: C:\ST\STM32CubeIDE_1.19.0\STM32CubeIDE\plugins\com.st.stm32cube.common.mx_6.15.0.202507011659
2025-08-02 14:41:59,188 [INFO] ThirdPartyUpdaterWithRetryManager:70 - Updater plugin not ready yet. [2/15]
2025-08-02 14:41:59,274 [ERROR] LogOutputStream:75 - [STDERR_REDIRECT] Aug 02, 2025 2:41:59 PM java.util.prefs.WindowsPreferences <init>
2025-08-02 14:41:59,275 [ERROR] LogOutputStream:75 - [STDERR_REDIRECT] WARNING: Could not open/create prefs root node Software\JavaSoft\Prefs at root 0xffffffff80000002. Windows RegCreateKeyEx(...) returned error code 5.
2025-08-02 14:41:59,275 [ERROR] LogOutputStream:75 - [STDERR_REDIRECT] 
2025-08-02 14:41:59,639 [INFO] MainUpdater:2872 - connection check result : 10
2025-08-02 14:41:59,639 [INFO] MainUpdater:3604 - Updater definition file requires update
2025-08-02 14:41:59,640 [INFO] MainUpdater:289 - Updater Check For Update Now.
2025-08-02 14:41:59,640 [INFO] MicroXplorer:498 - Change Database Version : DB.6.0.150
2025-08-02 14:41:59,647 [INFO] McuFinderGlobals:63 - Set McuFinder mode to 2 (CubeIDE integrated)
2025-08-02 14:41:59,647 [INFO] UserAuth:487 - Internet connection configuration mode: 1
2025-08-02 14:41:59,670 [INFO] JxBrowserEngine:152 - Initiate JxBrowser Engine with user profile folder
2025-08-02 14:41:59,710 [INFO] ServerAccessManage:452 - Complete download http(s) 200
2025-08-02 14:41:59,711 [INFO] ServerAccessManage:509 - Download File updaters.zip
2025-08-02 14:41:59,847 [INFO] FileExtend:248 - Unzip File : updaters.zip
2025-08-02 14:41:59,847 [INFO] FileExtend:263 - Standard Zip Deflate
2025-08-02 14:42:00,412 [INFO] ServerAccessManage:452 - Complete download http(s) 200
2025-08-02 14:42:00,413 [INFO] ServerAccessManage:509 - Download File PacksControlFlags.xml
2025-08-02 14:42:00,496 [INFO] ServerAccessManage:452 - Complete download http(s) 200
2025-08-02 14:42:00,496 [INFO] ServerAccessManage:509 - Download File cubemx.pidx
2025-08-02 14:42:00,672 [INFO] WebApp:169 - Instantiating new browser for Auth
2025-08-02 14:42:00,857 [INFO] ServerAccessManage:452 - Complete download http(s) 200
2025-08-02 14:42:00,857 [INFO] ServerAccessManage:509 - Download File STMicroelectronics.FP-SNS-STBOX1.pdsc
2025-08-02 14:42:01,379 [INFO] ServerAccessManage:452 - Complete download http(s) 200
2025-08-02 14:42:01,379 [INFO] ServerAccessManage:509 - Download File STMicroelectronics.X-CUBE-AI.pdsc
2025-08-02 14:42:02,139 [INFO] WebApp:463 - Apply proxy settings
2025-08-02 14:42:02,140 [INFO] WebApp:548 - Chromium requires no authentication
2025-08-02 14:42:02,159 [INFO] WebApp:491 - Direct internet connection detected
2025-08-02 14:42:02,189 [WARN] MainUpdater:1193 - Updater busy. Cannot search thirdparties
2025-08-02 14:42:02,190 [INFO] ThirdPartyUpdaterWithRetryManager:96 - Updater plugin is busy. [1/15]
2025-08-02 14:42:02,201 [INFO] WebApp:900 - Register for checkConnection events
2025-08-02 14:42:02,202 [INFO] WebApp:463 - Apply proxy settings
2025-08-02 14:42:02,202 [INFO] WebApp:548 - Chromium requires no authentication
2025-08-02 14:42:02,203 [INFO] WebApp:491 - Direct internet connection detected
2025-08-02 14:42:02,475 [INFO] WebApp:191 - Connection restablished
2025-08-02 14:42:02,475 [INFO] WebApp:225 - Starting web application
2025-08-02 14:42:02,475 [INFO] WebApp:593 - Web application path used C:\ST\STM32CubeIDE_1.19.0\STM32CubeIDE\plugins\com.st.stm32cube.common.mx_6.15.0.202507011659\db\plugins\mcufinder\reactClient1\index.html
2025-08-02 14:42:02,685 [INFO] UserAuth:487 - Internet connection configuration mode: 1
2025-08-02 14:42:04,793 [INFO] CheckServerUpdateThread:120 - End of CheckServer Thread
2025-08-02 14:42:04,827 [WARN] PackLoader:240 - Cannot read IP mode file for STMicroelectronics.FP-SNS-STBOX1.2.1.0
2025-08-02 14:42:04,857 [WARN] PackLoader:240 - Cannot read IP mode file for STMicroelectronics.X-CUBE-AI.10.2.0
2025-08-02 14:42:04,858 [INFO] PopulateThirdPartyThread:66 - Ending populate Thread
2025-08-02 14:42:04,861 [INFO] ThirdParty:1030 - CMSIS Pack Vendor :STMicroelectronics FP-SNS-STBOX1 2.1.0
2025-08-02 14:42:04,862 [INFO] ThirdParty:1030 - CMSIS Pack Vendor :STMicroelectronics X-CUBE-AI 10.2.0
2025-08-02 14:42:04,862 [INFO] LoadServerUpdatesThread:375 - End of LoadServerUpdate Thread
2025-08-02 14:42:05,623 [WARN] PackLoader:240 - Cannot read IP mode file for STMicroelectronics.FP-SNS-MOTENVWB1.1.4.0
2025-08-02 14:42:05,630 [WARN] PackLoader:240 - Cannot read IP mode file for STMicroelectronics.FP-ATR-ASTRA1.2.0.2
2025-08-02 14:42:05,638 [WARN] PackLoader:240 - Cannot read IP mode file for STMicroelectronics.FP-ATR-ASTRA1.2.0.1
2025-08-02 14:42:05,653 [WARN] PackLoader:240 - Cannot read IP mode file for STMicroelectronics.X-CUBE-SMBUS.2.1.0
2025-08-02 14:42:05,674 [WARN] PackLoader:240 - Cannot read IP mode file for STMicroelectronics.X-CUBE-WB05N.1.1.0
2025-08-02 14:42:05,685 [WARN] PackLoader:240 - Cannot read IP mode file for STMicroelectronics.X-CUBE-ST60.1.0.0
2025-08-02 14:42:05,733 [WARN] PackLoader:240 - Cannot read IP mode file for STMicroelectronics.X-CUBE-AZRTOS-F7.1.1.0
2025-08-02 14:42:05,746 [WARN] PackLoader:240 - Cannot read IP mode file for STMicroelectronics.FP-SNS-FLIGHT1.5.0.2
2025-08-02 14:42:05,777 [WARN] PackLoader:240 - Cannot read IP mode file for Infineon.AIROC-Wi-Fi-Bluetooth-STM32.1.7.0
2025-08-02 14:42:05,808 [WARN] PackLoader:240 - Cannot read IP mode file for STMicroelectronics.X-CUBE-AZRTOS-H7.3.4.0
2025-08-02 14:42:05,826 [WARN] PackLoader:240 - Cannot read IP mode file for STMicroelectronics.X-CUBE-DISPLAY.3.0.0
2025-08-02 14:42:05,847 [WARN] PackLoader:240 - Cannot read IP mode file for STMicroelectronics.X-CUBE-BLE1.7.0.0
2025-08-02 14:42:05,857 [WARN] PackLoader:240 - Cannot read IP mode file for STMicroelectronics.X-CUBE-NFC10.1.0.0
2025-08-02 14:42:05,870 [WARN] PackLoader:240 - Cannot read IP mode file for STMicroelectronics.X-CUBE-BLEMGR.4.0.0
2025-08-02 14:42:05,880 [WARN] PackLoader:240 - Cannot read IP mode file for emotas.I-CUBE-CANOPEN.1.3.0
2025-08-02 14:42:05,886 [WARN] PackLoader:240 - Cannot read IP mode file for STMicroelectronics.X-CUBE-AI.10.0.0
2025-08-02 14:42:05,894 [WARN] PackLoader:240 - Cannot read IP mode file for STMicroelectronics.FP-SNS-STBOX1.2.1.0
2025-08-02 14:42:05,902 [WARN] PackLoader:240 - Cannot read IP mode file for STMicroelectronics.FP-SNS-SMARTAG2.1.2.0
2025-08-02 14:42:05,907 [WARN] PackLoader:240 - Cannot read IP mode file for STMicroelectronics.FP-SNS-FLIGHT1.5.1.0
2025-08-02 14:42:05,951 [WARN] PackLoader:240 - Cannot read IP mode file for STMicroelectronics.X-CUBE-MEMS1.11.1.0
2025-08-02 14:42:06,093 [INFO] LogOutputStream:77 - [STDOUT_REDIRECT] 1 : Invalid condition id : UX_CORESTACK_Condition cause : null
2025-08-02 14:42:06,096 [INFO] LogOutputStream:77 - [STDOUT_REDIRECT] 1 : Invalid condition id : UX_CORESTACK_Condition cause : null
2025-08-02 14:42:06,098 [INFO] LogOutputStream:77 - [STDOUT_REDIRECT] 1 : Invalid condition id : UX_CORESTACK_Condition cause : null
2025-08-02 14:42:06,101 [INFO] LogOutputStream:77 - [STDOUT_REDIRECT] 1 : Invalid condition id : UX_CORESTACK_Condition cause : null
2025-08-02 14:42:06,103 [INFO] LogOutputStream:77 - [STDOUT_REDIRECT] 1 : Invalid condition id : UX_CORESTACK_Condition cause : null
2025-08-02 14:42:06,105 [WARN] PackLoader:240 - Cannot read IP mode file for STMicroelectronics.X-CUBE-AZRTOS-WL.2.0.0
2025-08-02 14:42:06,113 [WARN] PackLoader:240 - Cannot read IP mode file for STMicroelectronics.FP-SNS-MOTENV1.5.0.0
2025-08-02 14:42:06,123 [WARN] PackLoader:240 - Cannot read IP mode file for wolfSSL.I-CUBE-wolfMQTT.1.19.0
2025-08-02 14:42:06,135 [WARN] PackLoader:240 - Cannot read IP mode file for WES.I-CUBE-Cesium.1.3.0
2025-08-02 14:42:06,142 [WARN] PackLoader:240 - Cannot read IP mode file for STMicroelectronics.X-CUBE-BLE2.3.3.0
2025-08-02 14:42:06,151 [WARN] PackLoader:240 - Cannot read IP mode file for STMicroelectronics.X-CUBE-NFC9.1.0.0
2025-08-02 14:42:06,159 [WARN] PackLoader:240 - Cannot read IP mode file for STMicroelectronics.X-CUBE-BLE1.7.1.0
2025-08-02 14:42:06,168 [WARN] PackLoader:240 - Cannot read IP mode file for STMicroelectronics.X-CUBE-EEPRMA1.5.2.0
2025-08-02 14:42:06,178 [WARN] PackLoader:240 - Cannot read IP mode file for STMicroelectronics.X-CUBE-AI.10.1.0
2025-08-02 14:42:06,222 [WARN] PackLoader:240 - Cannot read IP mode file for STMicroelectronics.X-CUBE-MEMS1.11.2.0
2025-08-02 14:42:06,352 [WARN] PackLoader:240 - Cannot read IP mode file for STMicroelectronics.X-CUBE-AZRTOS-G0.1.1.0
2025-08-02 14:42:06,360 [WARN] PackLoader:240 - Cannot read IP mode file for STMicroelectronics.X-CUBE-SAFEA1.1.2.2
2025-08-02 14:42:06,367 [WARN] PackLoader:240 - Cannot read IP mode file for STMicroelectronics.X-CUBE-NFC4.3.0.0
2025-08-02 14:42:06,377 [WARN] PackLoader:240 - Cannot read IP mode file for EmbeddedOffice.I-CUBE-FS-RTOS.1.0.1
2025-08-02 14:42:06,383 [WARN] PackLoader:240 - Cannot read IP mode file for STMicroelectronics.X-CUBE-WB05N.2.0.0
2025-08-02 14:42:06,391 [WARN] PackLoader:240 - Cannot read IP mode file for RealThread.X-CUBE-RT-Thread_Nano.4.1.1
2025-08-02 14:42:06,396 [WARN] PackLoader:240 - Cannot read IP mode file for STMicroelectronics.FP-ATR-SIGFOX1.3.2.0
2025-08-02 14:42:06,402 [WARN] ConditionMgr:438 - getConditionDescription Invalid condition id : Cortex-A Device cause : null
2025-08-02 14:42:06,425 [WARN] ConditionMgr:1044 - genDependencies : Invalid condition id : Cortex-A Device cause : null
2025-08-02 14:42:06,425 [WARN] ConditionMgr:1044 - genDependencies : Invalid condition id : Cortex-A Device cause : null
2025-08-02 14:42:06,426 [WARN] ConditionMgr:1044 - genDependencies : Invalid condition id : Cortex-A Device cause : null
2025-08-02 14:42:06,433 [WARN] PackLoader:240 - Cannot read IP mode file for STMicroelectronics.X-CUBE-EEPRMA1.5.1.0
2025-08-02 14:42:06,444 [WARN] PackLoader:240 - Cannot read IP mode file for ITTIA_DB.I-CUBE-ITTIADB.8.9.0
2025-08-02 14:42:06,458 [WARN] PackLoader:240 - Cannot read IP mode file for STMicroelectronics.X-CUBE-ST67W61.1.0.0
2025-08-02 14:42:06,463 [WARN] PackLoader:240 - Cannot read IP mode file for STMicroelectronics.X-CUBE-AI.10.2.0
2025-08-02 14:42:06,492 [WARN] PackLoader:240 - Cannot read IP mode file for SEGGER.I-CUBE-embOS.1.3.1
2025-08-02 14:42:06,527 [WARN] PackLoader:240 - Cannot read IP mode file for STMicroelectronics.X-CUBE-ALGOBUILD.1.4.0
2025-08-02 14:42:06,572 [WARN] PackLoader:240 - Cannot read IP mode file for STMicroelectronics.X-CUBE-MEMS1.11.3.0
2025-08-02 14:42:06,681 [WARN] PackLoader:240 - Cannot read IP mode file for STMicroelectronics.X-CUBE-PM33A1.1.0.0
2025-08-02 14:42:06,858 [WARN] PackLoader:240 - Cannot read IP mode file for STMicroelectronics.X-CUBE-AZRTOS-F4.1.1.0
2025-08-02 14:42:06,866 [WARN] PackLoader:240 - Cannot read IP mode file for Avnet-IotConnect.X-CUBE-IoTC-DA16k-PMOD.1.0.0
2025-08-02 14:42:06,871 [WARN] PackLoader:240 - Cannot read IP mode file for STMicroelectronics.X-CUBE-ISPU.2.1.0
2025-08-02 14:42:06,878 [WARN] PackLoader:240 - Cannot read IP mode file for STMicroelectronics.X-CUBE-NFC12.1.0.0
2025-08-02 14:42:06,894 [WARN] PackLoader:240 - Cannot read IP mode file for STMicroelectronics.X-CUBE-AZRTOS-L5.2.0.0
2025-08-02 14:42:06,904 [WARN] PackLoader:240 - Cannot read IP mode file for STMicroelectronics.X-CUBE-NFC6.3.1.0
2025-08-02 14:42:06,914 [WARN] PackLoader:240 - Cannot read IP mode file for STMicroelectronics.X-CUBE-DPower.1.2.0
2025-08-02 14:42:06,922 [WARN] PackLoader:240 - Cannot read IP mode file for STMicroelectronics.X-CUBE-FREERTOS.1.3.1
2025-08-02 14:42:06,927 [WARN] PackLoader:240 - Cannot read IP mode file for STMicroelectronics.X-CUBE-FREERTOS.1.3.0
2025-08-02 14:42:06,934 [WARN] PackLoader:240 - Cannot read IP mode file for STMicroelectronics.X-CUBE-NFC7.1.0.1
2025-08-02 14:42:06,941 [WARN] PackLoader:240 - Cannot read IP mode file for STMicroelectronics.FP-SNS-STAIOTCFT.1.0.0
2025-08-02 14:42:06,946 [WARN] PackLoader:240 - Cannot read IP mode file for STMicroelectronics.X-CUBE-DPower.1.3.0
2025-08-02 14:42:06,962 [WARN] ConditionMgr:438 - getConditionDescription Invalid condition id : LAN8742 Phy interface Condition cause : null
2025-08-02 14:42:06,962 [WARN] PackLoader:240 - Cannot read IP mode file for STMicroelectronics.X-CUBE-AZRTOS-L4.2.0.0
2025-08-02 14:42:06,963 [WARN] ConditionMgr:1044 - genDependencies : Invalid condition id : LAN8742 Phy interface Condition cause : null
2025-08-02 14:42:06,963 [WARN] ConditionMgr:1044 - genDependencies : Invalid condition id : LAN8742 Phy interface Condition cause : null
2025-08-02 14:42:06,964 [WARN] ConditionMgr:1044 - genDependencies : Invalid condition id : LAN8742 Phy interface Condition cause : null
2025-08-02 14:42:06,973 [WARN] PackLoader:240 - Cannot read IP mode file for STMicroelectronics.X-CUBE-SFXS2LP1.4.0.0
2025-08-02 14:42:06,991 [WARN] PackLoader:240 - Cannot read IP mode file for STMicroelectronics.X-CUBE-AZRTOS-H7.3.3.0
2025-08-02 14:42:07,005 [WARN] PackLoader:240 - Cannot read IP mode file for STMicroelectronics.X-CUBE-BLEMGR.4.1.0
2025-08-02 14:42:07,022 [WARN] ConditionMgr:438 - getConditionDescription Invalid condition id : UX DEVICE CLASS RTOS Condition cause : null
2025-08-02 14:42:07,022 [WARN] ConditionMgr:438 - getConditionDescription Invalid condition id : UX DEVICE CLASS RTOS Condition cause : null
2025-08-02 14:42:07,024 [WARN] PackLoader:240 - Cannot read IP mode file for STMicroelectronics.X-CUBE-AZRTOS-WB.2.0.0
2025-08-02 14:42:07,025 [WARN] ConditionMgr:1044 - genDependencies : Invalid condition id : UX DEVICE CLASS RTOS Condition cause : null
2025-08-02 14:42:07,025 [WARN] ConditionMgr:1044 - genDependencies : Invalid condition id : UX DEVICE CLASS RTOS Condition cause : null
2025-08-02 14:42:07,025 [WARN] ConditionMgr:1044 - genDependencies : Invalid condition id : UX DEVICE CLASS RTOS Condition cause : null
2025-08-02 14:42:07,025 [WARN] ConditionMgr:1044 - genDependencies : Invalid condition id : UX DEVICE CLASS RTOS Condition cause : null
2025-08-02 14:42:07,025 [WARN] ConditionMgr:1044 - genDependencies : Invalid condition id : UX DEVICE CLASS RTOS Condition cause : null
2025-08-02 14:42:07,038 [WARN] PackLoader:240 - Cannot read IP mode file for STMicroelectronics.X-CUBE-TOUCHGFX.4.25.0
2025-08-02 14:42:07,145 [WARN] PackLoader:240 - Cannot read IP mode file for STMicroelectronics.FP-SNS-STBOX1.2.0.0
2025-08-02 14:42:07,157 [WARN] PackLoader:240 - Cannot read IP mode file for STMicroelectronics.X-CUBE-SUBG2.5.0.0
2025-08-02 14:42:07,189 [WARN] PackLoader:240 - Cannot read IP mode file for STMicroelectronics.X-CUBE-AZRTOS-H7RS.1.1.0
2025-08-02 14:42:07,201 [WARN] PackLoader:240 - Cannot read IP mode file for Cesanta.I-CUBE-Mongoose.7.13.0
2025-08-02 14:42:07,218 [WARN] PackLoader:240 - Cannot read IP mode file for STMicroelectronics.X-CUBE-AZRTOS-G4.2.0.0
2025-08-02 14:42:07,228 [WARN] PackLoader:240 - Cannot read IP mode file for STMicroelectronics.X-CUBE-NFC7.2.0.0
2025-08-02 14:42:07,235 [WARN] PackLoader:240 - Cannot read IP mode file for STMicroelectronics.X-CUBE-ALS.1.0.2
2025-08-02 14:42:07,240 [WARN] PackLoader:240 - Cannot read IP mode file for STMicroelectronics.X-CUBE-TOUCHGFX.4.24.2
2025-08-02 14:42:07,249 [WARN] PackLoader:240 - Cannot read IP mode file for portGmbH.I-Cube-SoM-uGOAL.1.1.0
2025-08-02 14:42:07,267 [WARN] PackLoader:240 - Cannot read IP mode file for STMicroelectronics.X-CUBE-AZRTOS-H7RS.1.0.0
2025-08-02 14:42:07,283 [WARN] PackLoader:240 - Cannot read IP mode file for STMicroelectronics.X-CUBE-TOF1.3.4.2
2025-08-02 14:42:07,305 [WARN] PackLoader:240 - Cannot read IP mode file for STMicroelectronics.X-CUBE-TOF1.3.4.3
2025-08-02 14:42:07,323 [WARN] PackLoader:240 - Cannot read IP mode file for wolfSSL.I-CUBE-wolfSSH.1.4.17
2025-08-02 14:42:07,324 [INFO] ThirdParty:978 - Integrity check success = true
2025-08-02 14:42:07,324 [INFO] IntegrityCheckThread:100 - exiting critical section [integrity check]
2025-08-02 14:42:07,324 [INFO] IntegrityCheckThread:103 - End integrity checks thread
2025-08-02 15:05:10,284 [INFO] WebApp:194 - Connection lost
2025-08-02 15:05:10,471 [INFO] WebApp:191 - Connection restablished
2025-08-02 15:14:31,781 [INFO] WebApp:194 - Connection lost
2025-08-02 15:14:31,989 [INFO] WebApp:191 - Connection restablished
2025-08-02 15:31:33,778 [INFO] WebApp:194 - Connection lost
2025-08-02 15:31:33,988 [INFO] WebApp:191 - Connection restablished
2025-08-02 15:36:33,778 [INFO] WebApp:194 - Connection lost
2025-08-02 15:36:33,971 [INFO] WebApp:191 - Connection restablished
2025-08-02 15:50:54,286 [INFO] WebApp:194 - Connection lost
2025-08-02 15:50:54,502 [INFO] WebApp:191 - Connection restablished
