../Core/Src/DispenseManager.c:32:13:Pump_On	16	static
../Core/Src/DispenseManager.c:41:13:Pump_Off	8	static
../Core/Src/DispenseManager.c:50:13:Update_Scale_Reading	16	static
../Core/Src/DispenseManager.c:75:6:DispenseManager_Init	8	static
../Core/Src/DispenseManager.c:82:5:DispenseManager_StartJob	64	static
../Core/Src/DispenseManager.c:136:6:DispenseManager_CancelJob	8	static
../Core/Src/DispenseManager.c:143:22:DispenseManager_GetJobStatus	4	static
../Core/Src/DispenseManager.c:148:7:DispenseManager_GetCurrentWeight	4	static
../Core/Src/DispenseManager.c:155:6:DispenseManager_Process	40	static
