../Core/Src/DispenseManager.c:37:13:Pump_On	16	static
../Core/Src/DispenseManager.c:46:13:Pump_Off	8	static
../Core/Src/DispenseManager.c:55:13:Update_Scale_Reading	16	static
../Core/Src/DispenseManager.c:80:6:DispenseManager_Init	8	static
../Core/Src/DispenseManager.c:91:5:DispenseManager_StartJob	64	static
../Core/Src/DispenseManager.c:145:6:DispenseManager_CancelJob	8	static
../Core/Src/DispenseManager.c:155:22:DispenseManager_GetJobStatus	4	static
../Core/Src/DispenseManager.c:160:7:DispenseManager_GetCurrentWeight	4	static
../Core/Src/DispenseManager.c:165:5:DispenseManager_StartJob_SkipContainerCheck	64	static
../Core/Src/DispenseManager.c:214:6:DispenseManager_Process	40	static
