../Core/Src/z_displ_ILI9XXX_test.c:49:6:testLines	48	static
../Core/Src/z_displ_ILI9XXX_test.c:96:6:testFastLines	40	static
../Core/Src/z_displ_ILI9XXX_test.c:109:6:testRects	48	static
../Core/Src/z_displ_ILI9XXX_test.c:126:6:testFilledRects	56	static
../Core/Src/z_displ_ILI9XXX_test.c:144:6:testFilledCircles	40	static
../Core/Src/z_displ_ILI9XXX_test.c:160:6:testCircles	40	static
../Core/Src/z_displ_ILI9XXX_test.c:179:6:testTriangles	48	static
../Core/Src/z_displ_ILI9XXX_test.c:199:6:testFilledTriangles	56	static
../Core/Src/z_displ_ILI9XXX_test.c:215:6:testRoundRects	48	static
../Core/Src/z_displ_ILI9XXX_test.c:235:6:testFilledRoundRects	40	static
../Core/Src/z_displ_ILI9XXX_test.c:254:6:TestChar	64	static
../Core/Src/z_displ_ILI9XXX_test.c:275:6:wait	32	static
../Core/Src/z_displ_ILI9XXX_test.c:290:6:TestFillScreen	16	static
../Core/Src/z_displ_ILI9XXX_test.c:313:6:TestHVLine	32	static
../Core/Src/z_displ_ILI9XXX_test.c:336:6:Displ_Page	80	static
../Core/Src/z_displ_ILI9XXX_test.c:349:6:testFillScreen	8	static
../Core/Src/z_displ_ILI9XXX_test.c:363:6:Displ_ColorTest	88	static,ignoring_inline_asm
../Core/Src/z_displ_ILI9XXX_test.c:396:6:Displ_TestAll	8	static
../Core/Src/z_displ_ILI9XXX_test.c:414:6:Displ_PerfTest	152	static
