../Core/Src/z_displ_ILI9XXX.c:58:6:Displ_Select	8	static
../Core/Src/z_displ_ILI9XXX.c:79:6:Displ_Transmit	32	static,ignoring_inline_asm
../Core/Src/z_displ_ILI9XXX.c:143:6:Displ_WriteCommand	16	static
../Core/Src/z_displ_ILI9XXX.c:156:6:Displ_WriteData	24	static
../Core/Src/z_displ_ILI9XXX.c:168:6:ILI9XXX_Init	8	static
../Core/Src/z_displ_ILI9XXX.c:259:6:Displ_SetAddressWindow	24	static
../Core/Src/z_displ_ILI9XXX.c:279:6:Displ_Init	16	static
../Core/Src/z_displ_ILI9XXX.c:303:6:Displ_Orientation	16	static
../Core/Src/z_displ_ILI9XXX.c:335:6:HAL_SPI_ErrorCallback	16	static
../Core/Src/z_displ_ILI9XXX.c:346:6:HAL_SPI_TxCpltCallback	16	static
../Core/Src/z_displ_ILI9XXX.c:366:6:Displ_FillArea	56	static
../Core/Src/z_displ_ILI9XXX.c:1128:11:Displ_BackLight	16	static,ignoring_inline_asm
../Core/Src/z_displ_ILI9XXX.c:1197:5:touchgfxDisplayDriverTransmitActive	4	static
../Core/Src/z_displ_ILI9XXX.c:1211:6:touchgfxDisplayDriverTransmitBlock	32	static
../Core/Src/z_displ_ILI9XXX.c:1227:6:HAL_TIM_PeriodElapsedCallback	16	static
