../Middlewares/ST/touchgfx/framework/include/touchgfx/hal/Types.hpp:91:5:touchgfx::colortype::colortype(uint32_t)	16	static
../Middlewares/ST/touchgfx/framework/include/touchgfx/hal/Types.hpp:140:5:touchgfx::Rect::Rect(int16_t, int16_t, int16_t, int16_t)	24	static
../Middlewares/ST/touchgfx/framework/include/mvp/Presenter.hpp:37:18:virtual void touchgfx::Presenter::activate()	16	static
../Middlewares/ST/touchgfx/framework/include/mvp/Presenter.hpp:47:18:virtual void touchgfx::Presenter::deactivate()	16	static
../Middlewares/ST/touchgfx/framework/include/mvp/Presenter.hpp:52:13:touchgfx::Presenter::~Presenter()	16	static
../Middlewares/ST/touchgfx/framework/include/mvp/Presenter.hpp:52:13:virtual touchgfx::Presenter::~Presenter()	16	static
../Middlewares/ST/touchgfx/framework/include/mvp/Presenter.hpp:58:5:touchgfx::Presenter::Presenter()	16	static
../TouchGFX/gui/include/gui/model/ModelListener.hpp:9:5:ModelListener::ModelListener()	16	static
../TouchGFX/gui/include/gui/model/ModelListener.hpp:11:13:ModelListener::~ModelListener()	16	static
../TouchGFX/gui/include/gui/model/ModelListener.hpp:11:13:virtual ModelListener::~ModelListener()	16	static
../TouchGFX/gui/include/gui/chemicalssetup_screen/ChemicalsSetupPresenter.hpp:31:13:ChemicalsSetupPresenter::~ChemicalsSetupPresenter()	16	static
../TouchGFX/gui/include/gui/chemicalssetup_screen/ChemicalsSetupPresenter.hpp:31:13:virtual ChemicalsSetupPresenter::~ChemicalsSetupPresenter()	16	static
../Middlewares/ST/touchgfx/framework/include/touchgfx/TypedText.hpp:59:5:touchgfx::TypedText::TypedText(touchgfx::TypedTextId)	16	static
../Middlewares/ST/touchgfx/framework/include/touchgfx/TypedText.hpp:65:13:touchgfx::TypedText::~TypedText()	16	static
../Middlewares/ST/touchgfx/framework/include/touchgfx/TypedText.hpp:65:13:virtual touchgfx::TypedText::~TypedText()	16	static
../TouchGFX/gui/src/chemicalssetup_screen/ChemicalsSetupPresenter.cpp:6:1:ChemicalsSetupPresenter::ChemicalsSetupPresenter(ChemicalsSetupView&)	16	static
../TouchGFX/gui/src/chemicalssetup_screen/ChemicalsSetupPresenter.cpp:15:6:virtual void ChemicalsSetupPresenter::activate()	16	static
../TouchGFX/gui/src/chemicalssetup_screen/ChemicalsSetupPresenter.cpp:21:6:virtual void ChemicalsSetupPresenter::deactivate()	16	static
../TouchGFX/gui/src/chemicalssetup_screen/ChemicalsSetupPresenter.cpp:25:25:const ChemicalRecipe_t& ChemicalsSetupPresenter::getRecipeDataForPage(int) const	16	static
C:\ST\STM32CubeIDE_1.19.0\STM32CubeIDE\plugins\com.st.stm32cube.ide.mcu.externaltools.gnu-tools-for-stm32.13.3.rel1.win32_1.0.0.202411081344\tools\bin/../lib/gcc/arm-none-eabi/13.3.1/../../../../arm-none-eabi/include/c++/13.3.1/bits/stl_vector.h:133:14:std::_Vector_base<int, std::allocator<int> >::_Vector_impl::~_Vector_impl()	24	static
../TouchGFX/gui/src/chemicalssetup_screen/ChemicalsSetupPresenter.cpp:29:24:const std::vector<int> ChemicalsSetupPresenter::getEnabledPumpIndices() const	16	static
../TouchGFX/gui/src/chemicalssetup_screen/ChemicalsSetupPresenter.cpp:33:8:int8_t ChemicalsSetupPresenter::getVolumeUnit() const	16	static
../TouchGFX/gui/src/chemicalssetup_screen/ChemicalsSetupPresenter.cpp:38:6:void ChemicalsSetupPresenter::loadScreenData(int)	40	static
../TouchGFX/gui/src/chemicalssetup_screen/ChemicalsSetupPresenter.cpp:52:6:void ChemicalsSetupPresenter::savePumpSetupData(int, int, const PumpSetup_t&)	24	static
../TouchGFX/gui/src/chemicalssetup_screen/ChemicalsSetupPresenter.cpp:57:6:void ChemicalsSetupPresenter::editField(int)	24	static
../TouchGFX/gui/src/chemicalssetup_screen/ChemicalsSetupPresenter.cpp:71:6:void ChemicalsSetupPresenter::ActiveFieldIndexUpdate(uint8_t)	16	static
../TouchGFX/gui/src/chemicalssetup_screen/ChemicalsSetupPresenter.cpp:76:6:void ChemicalsSetupPresenter::newValueEntered(const char*)	32	static
../TouchGFX/gui/src/chemicalssetup_screen/ChemicalsSetupPresenter.cpp:111:6:void ChemicalsSetupPresenter::addPumpSetup(int)	16	static
../TouchGFX/gui/src/chemicalssetup_screen/ChemicalsSetupPresenter.cpp:117:6:void ChemicalsSetupPresenter::removePumpSetup(int)	16	static
../TouchGFX/gui/src/chemicalssetup_screen/ChemicalsSetupPresenter.cpp:123:6:void ChemicalsSetupPresenter::chemicalEnableToggled()	24	static
C:\ST\STM32CubeIDE_1.19.0\STM32CubeIDE\plugins\com.st.stm32cube.ide.mcu.externaltools.gnu-tools-for-stm32.13.3.rel1.win32_1.0.0.202411081344\tools\bin/../lib/gcc/arm-none-eabi/13.3.1/../../../../arm-none-eabi/include/c++/13.3.1/bits/stl_vector.h:733:7:std::vector<_Tp, _Alloc>::~vector() [with _Tp = int; _Alloc = std::allocator<int>]	40	static
C:\ST\STM32CubeIDE_1.19.0\STM32CubeIDE\plugins\com.st.stm32cube.ide.mcu.externaltools.gnu-tools-for-stm32.13.3.rel1.win32_1.0.0.202411081344\tools\bin/../lib/gcc/arm-none-eabi/13.3.1/../../../../arm-none-eabi/include/c++/13.3.1/bits/stl_vector.h:367:7:std::_Vector_base<_Tp, _Alloc>::~_Vector_base() [with _Tp = int; _Alloc = std::allocator<int>]	16	static
C:\ST\STM32CubeIDE_1.19.0\STM32CubeIDE\plugins\com.st.stm32cube.ide.mcu.externaltools.gnu-tools-for-stm32.13.3.rel1.win32_1.0.0.202411081344\tools\bin/../lib/gcc/arm-none-eabi/13.3.1/../../../../arm-none-eabi/include/c++/13.3.1/bits/stl_vector.h:301:7:std::_Vector_base<_Tp, _Alloc>::_Tp_alloc_type& std::_Vector_base<_Tp, _Alloc>::_M_get_Tp_allocator() [with _Tp = int; _Alloc = std::allocator<int>]	16	static
C:\ST\STM32CubeIDE_1.19.0\STM32CubeIDE\plugins\com.st.stm32cube.ide.mcu.externaltools.gnu-tools-for-stm32.13.3.rel1.win32_1.0.0.202411081344\tools\arm-none-eabi\include\c++\13.3.1\bits\new_allocator.h:104:7:std::__new_allocator<_Tp>::~__new_allocator() [with _Tp = int]	16	static
C:\ST\STM32CubeIDE_1.19.0\STM32CubeIDE\plugins\com.st.stm32cube.ide.mcu.externaltools.gnu-tools-for-stm32.13.3.rel1.win32_1.0.0.202411081344\tools\bin/../lib/gcc/arm-none-eabi/13.3.1/../../../../arm-none-eabi/include/c++/13.3.1/bits/stl_vector.h:386:7:void std::_Vector_base<_Tp, _Alloc>::_M_deallocate(pointer, std::size_t) [with _Tp = int; _Alloc = std::allocator<int>]	40	static
C:\ST\STM32CubeIDE_1.19.0\STM32CubeIDE\plugins\com.st.stm32cube.ide.mcu.externaltools.gnu-tools-for-stm32.13.3.rel1.win32_1.0.0.202411081344\tools\arm-none-eabi\include\c++\13.3.1\bits\stl_construct.h:182:5:void std::_Destroy(_ForwardIterator, _ForwardIterator) [with _ForwardIterator = int*]	16	static
C:\ST\STM32CubeIDE_1.19.0\STM32CubeIDE\plugins\com.st.stm32cube.ide.mcu.externaltools.gnu-tools-for-stm32.13.3.rel1.win32_1.0.0.202411081344\tools\arm-none-eabi\include\c++\13.3.1\bits\stl_construct.h:172:9:static void std::_Destroy_aux<true>::__destroy(_ForwardIterator, _ForwardIterator) [with _ForwardIterator = int*]	16	static
C:\ST\STM32CubeIDE_1.19.0\STM32CubeIDE\plugins\com.st.stm32cube.ide.mcu.externaltools.gnu-tools-for-stm32.13.3.rel1.win32_1.0.0.202411081344\tools\arm-none-eabi\include\c++\13.3.1\bits\new_allocator.h:156:7:void std::__new_allocator<_Tp>::deallocate(_Tp*, size_type) [with _Tp = int]	24	static
../TouchGFX/gui/src/chemicalssetup_screen/ChemicalsSetupPresenter.cpp:130:1:void __static_initialization_and_destruction_0()	24	static
../Middlewares/ST/touchgfx/framework/include/touchgfx/widgets/Keyboard.hpp:74:12:touchgfx::Keyboard::Layout::~Layout()	16	static
../TouchGFX/gui/src/chemicalssetup_screen/ChemicalsSetupPresenter.cpp:130:1:void __static_initialization_and_destruction_1()	8	static
../TouchGFX/gui/src/chemicalssetup_screen/ChemicalsSetupPresenter.cpp:130:1:cpp)	8	static
../TouchGFX/gui/src/chemicalssetup_screen/ChemicalsSetupPresenter.cpp:130:1:cpp)	8	static
